"downforce_cl-rfile"
"Iteration" "downforce_cl"
("Iteration" "downforce_cl")
1 0.1476598050458985
2 0.4020127939617096
3 0.6135377725054726
4 0.7558272032422279
5 0.8521153513231206
6 0.9109008583147227
7 0.9156868950079049
8 0.8545133932341527
9 0.693466547572959
10 0.4670979312433784
11 0.2587409972731344
12 0.1642708049415914
13 0.2521599980749962
14 0.3072804859383539
15 0.333290300823218
16 0.4206423047564544
17 0.5644141119585507
18 0.71157832568122
19 0.8203726197907192
20 0.8325806833051902
21 0.7192040409493263
22 0.5057159820211519
23 0.3169559884915999
24 0.2301287745970207
25 0.2702519743606625
26 0.2833675514399729
27 0.312317592781652
28 0.3823445768454385
29 0.4229116720649271
30 0.3812433690066663
31 0.2286852296141747
32 0.01186927536673042
33 -0.1737973536678304
34 -0.2577380578622158
35 -0.2319155533859822
36 -0.2586287483630869
37 -0.2197998834737436
38 0.02828709926615592
39 0.3696082183736067
40 0.6677823087831382
41 0.883264202442465
42 1.029657727739664
43 1.126743815654562
44 1.189713953836993
45 1.229128779894117
46 1.251821782226311
47 1.262724161508759
48 1.265419928049027
49 1.262853187363737
50 1.257075583689608
51 1.249601741637535
52 1.241504584151969
53 1.233473654339918
54 1.225967283773042
55 1.21919713085877
56 1.213306297614992
57 1.208318884923038
58 1.20420179147355
59 1.200902555403504
60 1.19835193383842
61 1.196474105441367
62 1.195183435425833
63 1.194392901417998
64 1.194016771460311
65 1.193975455476135
66 1.19419833094405
67 1.194621841963663
68 1.195189144785208
69 1.195846138856025
70 1.196553895625216
71 1.197283080219817
72 1.198007565503031
73 1.198710806526036
74 1.199379287206674
75 1.200004416744549
76 1.200580420500682
77 1.201105300253501
78 1.201578724730465
79 1.20200337872933
80 1.202382822617753
81 1.202720852604773
82 1.203022056832215
83 1.203290597640856
84 1.203530478356964
85 1.203745190968794
86 1.203937762558311
87 1.204110910979716
88 1.204267064930075
89 1.204408238107002
90 1.204536065217564
91 1.204651890659262
92 1.204756886359803
93 1.204852130782018
94 1.204938661041211
95 1.205017428897662
96 1.205089379440497
97 1.205155403787652
98 1.205216246545385
99 1.205272516072203
100 1.205324731029743
101 1.205373321461244
102 1.205418604592987
103 1.205460831211293
104 1.205500212698521
105 1.205536922510085
106 1.205571114472493
107 1.205602953693816
108 1.205632584904057
109 1.205660149774506
110 1.205685325944194
111 1.205708396006071
112 1.205729648783582
113 1.205749087027492
114 1.205766991073801
115 1.205783564202143
116 1.205799067981681
117 1.205813633849619
118 1.205827361119679
119 1.205840289879837
120 1.205852443600123
121 1.205863837484187
122 1.205874484091624
123 1.205884402331081
124 1.205893608247157
125 1.205902125346121
126 1.205909979988969
127 1.205917202228826
128 1.205923825593947
129 1.205929883819305
130 1.205935411504928
131 1.205940444733412
132 1.205945020521431
133 1.205949172570338
134 1.205952931519962
135 1.205956326013679
136 1.205959383487908
137 1.205962130890587
138 1.20596459472043
139 1.205966801004585
140 1.205968774800606
141 1.205970539217002
142 1.20597211504416
143 1.205973520860009
144 1.205974772925893
145 1.20597588570474
146 1.205976871961495
147 1.205977743086197
148 1.205978509446902
149 1.205979180613645
150 1.205979765647511
151 1.205980273226708
152 1.205980711606374
153 1.205981088581667
154 1.205981411495187
155 1.205981687137543
156 1.20598192169711
157 1.205982120785263
158 1.205982289357942
159 1.205982435923041
160 1.205982561029354
161 1.205982665612462
162 1.20598275436026
163 1.205982829164706
164 1.205982891589446
165 1.205982941227985
166 1.205982981459817
167 1.205983014882239
168 1.205983041897857
169 1.205983063883526
170 1.205983083087782
171 1.205983099670237
172 1.205983113604791
173 1.205983126001156
174 1.205983136259326
175 1.205983144981961
176 1.205983152460471
177 1.205983158254856
178 1.205983162571515
179 1.205983165771352
180 1.20598316821969
181 1.205983170078054
182 1.205983171432982
183 1.205983172289237
184 1.20598317265674
185 1.205983172569975
186 1.205983172102819
187 1.205983171335145
188 1.205983170351566
189 1.205983169259209
190 1.205983168179991
191 1.205983167237812
192 1.205983166546636
193 1.205983166196773
194 1.205983166243382
195 1.205983166728278
196 1.205983167664943
197 1.205983169038898
198 1.205983170820618
199 1.205983172955726
200 1.205983175385348
201 1.205983178049757
202 1.205983180880063
203 1.205983183810037
204 1.205983186768314
205 1.205983189704361
206 1.205983192570658
207 1.205983195323257
208 1.205983197928177
209 1.205983200354498
210 1.205983202578839
211 1.205983204591567
212 1.205983206392596
213 1.205983207995564
214 1.205983209416221
215 1.205983210674523
216 1.20598321179977
217 1.205983212822711
218 1.205983213769851
219 1.205983214672358
220 1.205983215554215
221 1.205983216430624
222 1.20598321730791
223 1.205983218191539
224 1.205983219081508
225 1.205983219975789
226 1.205983220867475
227 1.205983221750429
228 1.205983222613562
229 1.205983223450994
230 1.20598322425257
231 1.205983225007839
232 1.20598322570448
233 1.205983226339063
234 1.205983226902191
235 1.205983227388734
