"downforce_cl-rfile"
"Iteration" "downforce_cl"
("Iteration" "downforce_cl")
1 0.2834800154501904
2 0.7291712469217957
3 1.091383343534222
4 1.221081818580866
5 1.17964437558854
6 0.9466489314241781
7 0.5700039912877994
8 0.1871099075552936
9 -0.07019253952708884
10 -0.1463214470939347
11 -0.07053047759162724
12 -0.0354357035405898
13 0.05444883655139857
14 0.3374776728535656
15 0.6924253045402976
16 0.9333247499879368
17 0.9033893157121298
18 0.6960084408440239
19 0.3985904192934758
20 0.09482120464097171
21 -0.1338273313958427
22 -0.2786573886368687
23 -0.3316491404196526
24 -0.2779036782321442
25 -0.1040133379460621
26 0.171879989668682
27 0.4238644908686682
28 0.5123999935519364
29 0.420166528306295
30 0.232179229708091
31 0.03423468877990315
32 -0.1293042633390104
33 -0.2348336491418181
34 -0.2501025219825657
35 -0.125534287363477
36 0.1578742090194011
37 0.540438897773194
38 0.9143173357132555
39 1.202520215878325
40 1.377559771789961
41 1.441842248249423
42 1.420962955039307
43 1.35842537719305
44 1.300150188837623
45 1.268440949204374
46 1.256472446444591
47 1.249605250637104
48 1.23634842921614
49 1.213219305031005
50 1.187295307425383
51 1.166265762693401
52 1.150144046526384
53 1.136212433685425
54 1.12405958302991
55 1.115358980574758
56 1.112055388922629
57 1.114460734090502
58 1.121041941762541
59 1.13008353939842
60 1.140756017544664
61 1.15275920421136
62 1.165698299641583
63 1.178875103082802
64 1.191482515091295
65 1.202931320088828
66 1.212967160127396
67 1.221564337556504
68 1.228787496833105
69 1.234699363040114
70 1.239368439086875
71 1.24292941191113
72 1.245555217558388
73 1.247416790684929
74 1.248670915240608
75 1.249455446216776
76 1.249889951312972
77 1.250078514048475
78 1.250108820905511
79 1.250047278070669
80 1.249940176590391
81 1.249809355696101
82 1.24966414514606
83 1.249515263196034
84 1.249372481198442
85 1.249243901609726
86 1.249136308156963
87 1.249054125645203
88 1.24899870872614
89 1.248969078132228
90 1.248962110068431
91 1.248972622272567
92 1.248994592029769
93 1.249022243925333
94 1.249050711286551
95 1.249076512175541
96 1.249097510859421
97 1.24911267955574
98 1.249121804060231
99 1.249125332633743
100 1.249124131366772
101 1.249119210396247
102 1.249111567119257
103 1.249102137511874
104 1.24909166978482
105 1.249080654829935
106 1.249069440388734
107 1.249058214736386
108 1.249047039517674
109 1.24903593976358
110 1.249024884661038
111 1.249013827047528
112 1.249002796847525
113 1.248991838701694
114 1.24898098467443
115 1.248970275987584
116 1.248959771966985
117 1.248949520193858
118 1.248939548604114
119 1.248929893107704
120 1.24892058830954
121 1.248911660480428
122 1.248903135932065
123 1.248895039713172
124 1.248887359359887
125 1.248880079275078
126 1.248873218328832
127 1.248866790762925
128 1.24886076772557
129 1.248855145617115
130 1.248849948554241
131 1.248845181371768
132 1.248840832919483
133 1.248836884466812
134 1.248833302045817
135 1.248830032939172
136 1.248827032926452
137 1.248824268787587
138 1.248821705398452
139 1.24881931346947
140 1.248817069320515
141 1.248814952837507
142 1.248812948865006
143 1.248811047636958
144 1.248809243373185
145 1.24880753231004
146 1.248805911619536
147 1.248804377599485
148 1.248802928753913
149 1.248801564274438
150 1.248800282135335
151 1.248799079768179
152 1.248797953951634
153 1.248796901381321
154 1.248795918395576
155 1.24879499302471
156 1.248794121613669
157 1.248793306616853
158 1.248792545640506
159 1.248791836596872
160 1.248791178826392
161 1.248790570287993
162 1.248790008881867
163 1.248789492810119
164 1.248789019745324
165 1.248788587552845
166 1.248788193837652
167 1.248787836171115
168 1.248787512350581
169 1.248787220128271
170 1.248786957269234
171 1.248786721706279
172 1.248786511603663
173 1.248786325151491
174 1.248786160545841
175 1.248786016012995
176 1.248785889593527
177 1.248785779640901
178 1.248785684367465
179 1.248785602029274
180 1.248785531120665
181 1.248785470390908
182 1.248785418674508
183 1.248785374991876
184 1.248785338433321
185 1.248785308143272
186 1.248785283397415
187 1.248785263459823
188 1.248785247702374
189 1.248785235594725
190 1.248785226455806
191 1.24878521927846
192 1.248785213582252
193 1.24878520934128
194 1.248785206650422
195 1.248785205378281
196 1.248785205209393
197 1.24878520584805
198 1.248785207153583
199 1.248785209075809
200 1.248785211585993
201 1.248785214451531
202 1.248785217439693
203 1.248785220345946
204 1.248785222927625
205 1.248785225129102
206 1.248785227076116
207 1.248785228893652
208 1.248785230617193
209 1.248785232257501
210 1.248785233740072
211 1.248785234921681
212 1.248785235731004
213 1.248785236083462
214 1.248785235940456
215 1.248785235291684
216 1.248785234141013
217 1.248785232521206
218 1.248785230371288
219 1.24878522762148
220 1.248785224256695
221 1.248785220054237
222 1.248785214812194
223 1.248785208418225
224 1.248785200689873
225 1.248785191490839
226 1.248785180621867
227 1.248785168018227
228 1.248785153848782
229 1.248785138427883
230 1.248785122200834
231 1.248785105729696
232 1.248785089565594
233 1.248785074259487
234 1.248785060330173
235 1.248785048124463
236 1.248785037813119
237 1.248785029388374
238 1.248785022699388
239 1.248785017486418
240 1.248785013267705
241 1.248785009838419
242 1.248785006719826
243 1.248785003895509
244 1.248785001136196
245 1.248784998353937
246 1.24878499552578
247 1.248784992669096
248 1.248784989811577
249 1.248784986983668
250 1.248784984195932
251 1.248784981460891
252 1.248784978771367
253 1.248784976138177
254 1.248784973556717
255 1.248784971038987
256 1.248784968599058
257 1.248784966259184
258 1.248784964035319
259 1.248784961952187
260 1.248784960023164
261 1.248784958245344
262 1.248784956574896
263 1.248784954934676
264 1.248784953227451
265 1.248784951378969
266 1.248784949331368
267 1.248784947076947
268 1.248784944646843
269 1.248784942128144
270 1.248784939644621
271 1.248784937291497
272 1.248784935150675
273 1.248784933354497
274 1.248784932021731
275 1.248784931270079
276 1.248784931148262
277 1.248784931621718
278 1.24878493250315
279 1.24878493371581
280 1.248784934974003
281 1.24878493618803
282 1.248784937260366
283 1.248784938166601
284 1.24878493905112
285 1.248784940057485
286 1.24878494125974
287 1.248784942713678
288 1.248784944361476
289 1.248784946037956
290 1.248784947401591
291 1.248784948132736
292 1.248784947901097
293 1.248784946351235
294 1.248784943318913
295 1.248784938760653
296 1.2487849327302
297 1.248784925480765
298 1.248784917404936
299 1.248784908991011
300 1.248784900746011
301 1.248784893148989
302 1.248784886610829
303 1.248784881466615
