"downforce_cl-rfile"
"Iteration" "downforce_cl"
("Iteration" "downforce_cl")
1 0.1998813151946752
2 0.5328022669900743
3 0.8097060696063652
4 0.9684072270591511
5 1.047677851448333
6 1.05086257331804
7 0.9474859697905502
8 0.7136976449522119
9 0.3940277934830809
10 0.1104565696036331
11 -0.04413030669312534
12 -0.02119545373869883
13 0.03693151875328925
14 0.01527180917090445
15 0.1106028070354004
16 0.3474289226152425
17 0.6379555242700481
18 0.9015141083213715
19 1.050966955961647
20 1.064866126008883
21 0.9751481153849514
22 0.8146102063186454
23 0.6158033191999911
24 0.4023377689539478
25 0.1945834152602473
26 -0.001649223556932621
27 -0.21050757071848
28 -0.4055652177927253
29 -0.4412724233858573
30 -0.2037265251080419
31 0.2122205594574403
32 0.6397523781213134
33 0.996549002488881
34 1.257952004768595
35 1.432103983323658
36 1.535049717149555
37 1.583464805181869
38 1.591671829169292
39 1.570423025825224
40 1.527345846342667
41 1.47127645518683
42 1.412692145055453
43 1.359267734588933
44 1.314181732175551
45 1.27747151359849
46 1.247893295008355
47 1.224048032049974
48 1.205027282496776
49 1.190223558450804
50 1.179419108400091
51 1.172572498195312
52 1.169668160128254
53 1.170616219731565
54 1.175141917502935
55 1.182853689380131
56 1.193257942580602
57 1.205704464292126
58 1.219423036446519
59 1.233649408535717
60 1.247714931683267
61 1.261042216927913
62 1.273234380298606
63 1.284042278582424
64 1.293363452727082
65 1.301170934746372
66 1.307564224407763
67 1.312670644767854
68 1.316628981130625
69 1.319612499968385
70 1.32177573339252
71 1.323283373851551
72 1.324290473252727
73 1.324931375322229
74 1.325315953720849
75 1.325529659254877
76 1.325639499367504
77 1.3256841744434
78 1.325683940996551
79 1.325653048728494
80 1.3256008403525
81 1.325534497285004
82 1.325459874981031
83 1.32538257650366
84 1.32530791093131
85 1.32523803085234
86 1.325177687661391
87 1.325131118902446
88 1.325099072651645
89 1.325080920559743
90 1.325074790127741
91 1.325078022606593
92 1.325087473308046
93 1.325100227468689
94 1.325113897518706
95 1.325126851256105
96 1.3251381779709
97 1.325148176331896
98 1.325156427315876
99 1.325162655276149
100 1.325167220052102
101 1.32517041294759
102 1.325172587659896
103 1.325174013552531
104 1.325175014660785
105 1.325175860426568
106 1.325176767928009
107 1.325177884676851
108 1.3251792662262
109 1.325180889181453
110 1.325182703426629
111 1.325184652457499
112 1.325186666420973
113 1.325188692390614
114 1.325190694389345
115 1.325192646144727
116 1.325194529002031
117 1.325196330121669
118 1.325198035322535
119 1.325199640073905
120 1.325201143563807
121 1.325202541188884
122 1.325203827694991
123 1.325204998402471
124 1.325206049440355
125 1.325206975660857
126 1.325207774443247
127 1.325208450425537
128 1.325209015063172
129 1.325209462357257
130 1.325209787533828
131 1.325210027868929
132 1.325210191000014
133 1.325210293199828
134 1.325210346916198
135 1.32521037225718
136 1.325210357192129
137 1.325210281919049
138 1.325210168678823
139 1.325210028613882
140 1.325209856281508
141 1.325209657339008
142 1.325209441226149
143 1.325209217607839
144 1.325208991806938
145 1.325208766817633
146 1.325208544047785
147 1.325208324428584
148 1.325208107468962
149 1.325207893050631
150 1.325207681536969
151 1.325207473081673
152 1.325207268459617
153 1.325207068676886
154 1.325206874861597
155 1.32520668817473
156 1.325206509772661
157 1.325206340809903
158 1.325206182295301
159 1.32520603509655
160 1.325205899823746
161 1.32520577672974
162 1.325205665678589
163 1.325205566374477
164 1.325205478670202
165 1.325205402376773
166 1.325205337000557
167 1.325205281858041
168 1.325205236306666
169 1.325205198587709
170 1.325205157883336
171 1.32520511641823
172 1.325205078215033
173 1.325205042785082
174 1.325205010990384
175 1.325204983652932
176 1.325204960978023
177 1.325204943048127
178 1.325204929666381
179 1.325204920408167
180 1.325204914850218
181 1.325204913962934
182 1.325204915098923
183 1.325204919175565
184 1.325204924062879
185 1.325204930875604
186 1.325204937809403
187 1.325204945714807
188 1.32520495326709
189 1.325204961135921
190 1.325204968702766
191 1.325204976256069
192 1.325204983475201
193 1.325204990427892
194 1.32520499697462
195 1.325205003046154
196 1.325205008554176
197 1.325205013497452
198 1.325205017927161
199 1.325205021887023
200 1.325205025472138
201 1.325205028761065
202 1.325205031787697
203 1.325205034548524
204 1.325205037016916
205 1.32520503916128
206 1.325205040984758
207 1.325205042528024
208 1.32520504384446
209 1.325205044976711
210 1.325205045997425
211 1.325205046991617
212 1.325205047979006
213 1.325205048939472
214 1.325205049835187
215 1.32520505062575
216 1.325205051279734
217 1.325205051789404
218 1.325205052159051
219 1.325205052407361
220 1.32520505256383
221 1.325205052652012
222 1.325205052722388
223 1.325205052820644
224 1.325205052966664
225 1.325205053163138
226 1.325205053389115
227 1.325205053595444
228 1.325205053723637
229 1.325205053739542
230 1.325205053641792
231 1.325205053438457
232 1.325205053148825
233 1.325205052792859
234 1.325205052382436
235 1.325205051931059
236 1.325205051478521
237 1.325205051079264
238 1.325205050753771
239 1.325205050493274
240 1.325205050281391
241 1.32520505009846
242 1.325205049924247
243 1.325205049746594
244 1.32520504956709
245 1.325205049394178
246 1.325205049237304
247 1.325205049103997
248 1.325205048998648
249 1.325205048922181
250 1.325205048867884
251 1.325205048830806
252 1.325205048798918
253 1.325205048782252
254 1.325205048779376
255 1.325205048788979
256 1.325205048826996
257 1.32520504889196
258 1.325205048975937
259 1.325205049072257
260 1.325205049177496
261 1.325205049284244
