"downforce_cl-rfile"
"Iteration" "downforce_cl"
("Iteration" "downforce_cl")
1 0.09557329451414447
2 0.2729311177393417
3 0.4154544440318113
4 0.5129304624655088
5 0.591579727783536
6 0.6597130889460684
7 0.7225742170479094
8 0.7683922662688142
9 0.7931169508492326
10 0.7964421381598468
11 0.7661187763230578
12 0.6652694226330145
13 0.5130588947281594
14 0.3626103885452558
15 0.284370182006086
16 0.326660436248198
17 0.3506590546378607
18 0.3610224218598918
19 0.4092374929866656
20 0.4825290707258789
21 0.5555531139911488
22 0.6173358035130813
23 0.6667441237351506
24 0.7082848692190246
25 0.7262321819878654
26 0.6482820418873092
27 0.4435114178536508
28 0.2028287965093615
29 0.02107637163019368
30 -0.00840118105439369
31 -0.025267576555923
32 -0.1495007082082845
33 -0.1399621435201428
34 0.03103429557729728
35 0.2555326337536946
36 0.4459723346078781
37 0.5764491823534948
38 0.6660166938719286
39 0.7314426708667288
40 0.7826471179257635
41 0.8230693854400309
42 0.8547940843690424
43 0.8788774997020929
44 0.8963692652444951
45 0.9085977150908325
46 0.9166810842721623
47 0.9215492010578681
48 0.9239320605370596
49 0.924498263792783
50 0.9237659539917751
51 0.9221487531682832
52 0.919990761101375
53 0.9175614673818978
54 0.9150686666329072
55 0.912754472296832
56 0.9106706579696817
57 0.9088212973290778
58 0.9072281041399892
59 0.9058733569234453
60 0.9047529879479838
61 0.903833890512028
62 0.9030967691454663
63 0.9025164316837121
64 0.9020689372777819
65 0.9017305450610712
66 0.9014804186946203
67 0.9013003780123338
68 0.9011749287527361
69 0.9010916878799335
70 0.9010402729971461
71 0.9010130433124507
72 0.9010037818665727
73 0.9010082389744738
74 0.9010228337388441
75 0.9010449341915113
76 0.9010727808007423
77 0.9011048767069535
78 0.9011400626631169
79 0.9011773412567506
80 0.9012159063096001
81 0.9012551096405659
82 0.9012944467727175
83 0.9013334942577765
84 0.901371880234751
85 0.90140929832667
86 0.9014454870853201
87 0.9014802332672017
88 0.9015133798549596
89 0.9015448398888795
90 0.9015745459879327
91 0.9016025013670084
92 0.9016287300963091
93 0.9016532568220875
94 0.9016761237975629
95 0.9016974103429607
96 0.9017172005587133
97 0.9017355798836167
98 0.901752642151798
99 0.9017684828660295
100 0.901783194375692
101 0.9017968827394329
