"downforce_cl-rfile"
"Iteration" "downforce_cl"
("Iteration" "downforce_cl")
1 0.2174774093381985
2 0.5805105487050541
3 0.8870267465076188
4 1.048530487398382
5 1.110354441885354
6 1.073336139985965
7 0.905864775010787
8 0.6047561849835017
9 0.2648833343073644
10 0.01394406807237736
11 -0.07313275565641572
12 0.003467053553818952
13 0.01819011562218149
14 0.03379894850700368
15 0.2200490305613931
16 0.5163240340241527
17 0.8172846510714957
18 1.023965796249479
19 1.053773724149366
20 0.9340234050806656
21 0.702465305605199
22 0.4069447937150371
23 0.1288005810841553
24 -0.09042939739181673
25 -0.2386511640118736
26 -0.3639951624838496
27 -0.486073777193174
28 -0.4424779664917248
29 -0.1214785379006687
30 0.3549199341032446
31 0.8138255966914327
32 1.173422261413115
33 1.418658439465157
34 1.562539903820333
35 1.619232854432296
36 1.590939736944186
37 1.469882550610761
38 1.258596089338296
39 1.007500346723636
40 0.8025918501632178
41 0.7011619616059239
42 0.7011808880167444
43 0.7130074658202051
44 0.7149790606331607
45 0.7365076201084834
46 0.766288608310921
47 0.7908001794364302
48 0.8295535533840898
49 0.89958068977228
50 0.9924341664771213
51 1.088680449721338
52 1.171136038548402
53 1.234656727866739
54 1.282375037292305
55 1.317809271030021
56 1.343202701695323
57 1.359930585476839
58 1.369194777522498
59 1.37245130262051
60 1.371123131303823
61 1.366419357200886
62 1.359534103898852
63 1.351578169405904
64 1.34350583111931
65 1.336038377394229
66 1.329652892366099
67 1.324566267077157
68 1.320789148634764
69 1.318214190436501
70 1.316714840677662
71 1.316124378980305
72 1.316217524787979
73 1.316784099558046
74 1.317643019258473
75 1.318642969525767
76 1.319675177667588
77 1.320671693472824
78 1.3215914619849
79 1.322413411509148
80 1.323130539006344
81 1.323743390447254
82 1.324257688065917
83 1.324681846806957
84 1.325024601019701
85 1.325294514837682
86 1.325500220551815
87 1.325650288536307
88 1.325753783458966
89 1.325818753767483
90 1.32585224067458
91 1.325860844790177
92 1.325850166413142
93 1.325824773278619
94 1.325788120470351
95 1.325743201592843
96 1.325692707371671
97 1.325639059788436
98 1.325584340283427
99 1.32553018480266
100 1.325477800807997
101 1.325428003235455
102 1.325381304210561
103 1.325337949644549
104 1.325298006358856
105 1.325261391282021
106 1.325227916338423
107 1.325197328759641
108 1.325169336286258
109 1.325143634321071
110 1.325119928992815
111 1.325097948249836
112 1.325077442363676
113 1.325058183164572
114 1.32503998556834
115 1.325022694266649
116 1.32500618959094
117 1.324990383707475
118 1.324975226942266
119 1.324960591194433
120 1.324946369211552
121 1.324932505659701
122 1.324918911703169
123 1.324905541828407
124 1.324892425887595
125 1.324879619802437
126 1.324867198580917
127 1.324855237705919
128 1.324843791522404
129 1.324832883281815
130 1.324822503122299
131 1.324812614537321
132 1.324803164151215
133 1.324794093585638
134 1.324785349219643
135 1.324776883986037
136 1.324768676071248
137 1.324760727846989
138 1.324753067538006
139 1.324745724798444
140 1.32473871010875
141 1.324732008797104
142 1.324725569710242
143 1.324719324500772
144 1.324713205665651
145 1.324707152566665
146 1.324701136250321
147 1.324695153417727
148 1.324689215232262
149 1.324683345148483
150 1.324677571087961
151 1.324671919336913
152 1.324666412876203
153 1.324661069975138
154 1.3246559033609
155 1.324650920845409
156 1.324646125753818
157 1.324641518119131
158 1.324637094448786
159 1.324632849432864
160 1.324628776665732
161 1.324624869317377
162 1.324621120388014
163 1.324617522601475
164 1.324614069194432
165 1.324610753584136
166 1.324607569649751
167 1.324604511725793
168 1.324601574589148
169 1.324598753416671
170 1.32459604380924
171 1.324593441573065
172 1.324590942440506
173 1.324588542945226
174 1.324586239468597
175 1.324584028403898
176 1.324581906530155
177 1.324579870764824
178 1.324577918133158
179 1.324576045754263
180 1.324574250800919
181 1.324572530551684
182 1.324570882591725
183 1.324569304201633
184 1.324567792882123
185 1.324566346076134
186 1.324564961372934
187 1.324563636351164
188 1.324562368628079
189 1.324561155838913
190 1.324559995667514
191 1.324558885900968
192 1.324557824510289
193 1.324556809533436
194 1.324555839145968
195 1.324554911595972
196 1.32455402522565
197 1.324553178394934
198 1.324552369502899
199 1.324551596989177
200 1.324550859386461
201 1.324550155140315
202 1.324549482893031
203 1.324548841229967
204 1.324548228780098
205 1.324547644251336
206 1.324547086423222
207 1.324546554163081
208 1.32454604999165
209 1.3245455698752
210 1.324545117248042
211 1.324544690606542
212 1.324544290897685
213 1.324543914628096
214 1.324543556483919
215 1.324543216983258
216 1.324542887849938
217 1.324542566773436
218 1.324542255597092
219 1.324541950923052
220 1.32454165371871
221 1.324541365521293
222 1.324541086241654
223 1.324540816181143
224 1.32454055495215
225 1.324540302965885
226 1.32454006088979
227 1.32453982955829
228 1.324539609721045
229 1.324539401803788
230 1.324539205845311
231 1.324539021464499
232 1.324538848047037
233 1.324538684775398
234 1.324538530741027
235 1.324538385027633
236 1.324538246846474
237 1.324538115483278
238 1.324537990345938
239 1.324537870909311
240 1.324537756753063
241 1.324537647501236
242 1.324537542855633
243 1.324537442546287
244 1.324537346376157
245 1.324537254176191
246 1.324537165779719
247 1.324537081019407
248 1.324536999774198
249 1.324536921900198
250 1.324536847313481
251 1.324536775860567
252 1.324536707420335
253 1.324536641865224
254 1.32453657906717
255 1.324536518947394
256 1.324536461386493
257 1.324536406256611
258 1.324536353477032
259 1.324536302934279
260 1.324536254581198
261 1.324536208328452
262 1.324536164105883
263 1.324536121827772
264 1.324536081424907
265 1.324536042789569
266 1.324536005845121
267 1.324535970724681
268 1.324535937408136
269 1.324535905932585
270 1.32453587649421
271 1.324535849132539
272 1.324535823776654
273 1.324535800113856
274 1.324535777760202
275 1.324535756295634
276 1.3245357353873
277 1.324535714793172
278 1.324535694421882
279 1.324535674234376
280 1.32453565427867
281 1.324535634647137
282 1.324535615455874
283 1.324535596769945
284 1.324535578670005
285 1.324535561208272
286 1.324535544425507
287 1.324535528342693
288 1.324535512982427
289 1.324535498314102
290 1.324535484456109
291 1.324535471352326
292 1.324535458986696
293 1.32453544744384
294 1.324535436775693
295 1.324535426942467
296 1.324535417837667
297 1.324535409297604
298 1.324535401143724
299 1.324535393187632
300 1.324535385322986
301 1.324535377464416
302 1.324535369602522
303 1.324535361733203
304 1.324535353906274
305 1.324535346154324
306 1.324535338541956
307 1.324535331101458
308 1.324535323881887
309 1.324535316891347
310 1.324535310154416
311 1.324535303656765
312 1.324535297406397
313 1.324535291379929
314 1.324535285590636
