"downforce_cl-rfile"
"Iteration" "downforce_cl"
("Iteration" "downforce_cl")
1 0.1842720850241348
2 0.4952904264101867
3 0.757794610792286
4 0.9181658969959695
5 1.018532318492623
6 1.075336846611755
7 1.065213169018551
8 0.9634053359525275
9 0.7449061591290861
10 0.4405367141958957
11 0.148441424629498
12 -0.04128232192357067
13 -0.07901288846467301
14 -0.05293976135523927
15 -0.1456025803433619
16 -0.1361761226005888
17 0.07947231825010052
18 0.398411372773095
19 0.7268516684259269
20 0.9652001158706095
21 1.099374455354161
22 1.141230103308827
23 1.093525179025176
24 0.9644662986893283
25 0.7847705249153671
26 0.5913613245438579
27 0.4103348672184237
28 0.2575043820907413
29 0.1292774763483446
30 0.005099088999401534
31 -0.1490554416400176
32 -0.3140982480084832
33 -0.3945581372501595
34 -0.2493020056254881
35 0.09478507241165425
36 0.4913572920070654
37 0.8406573823843115
38 1.104944417812749
39 1.288392863801959
40 1.405156018944644
41 1.471333230622984
42 1.500198425477299
43 1.504352905739047
44 1.493683481391181
45 1.474514059894013
46 1.451247554389241
47 1.426802335962726
48 1.402766366151059
49 1.379854405057202
50 1.358546090942729
51 1.339161652545605
52 1.321866755991101
53 1.306749547987622
54 1.293866908193416
55 1.283242319264838
56 1.274866524781402
57 1.268714165302924
58 1.264713812876245
59 1.262762402108264
60 1.262671926032677
61 1.264193609380109
62 1.267039423973157
63 1.270859929010766
64 1.275298419091269
65 1.280022190059207
66 1.284770951916656
67 1.28934362069319
68 1.293587848529586
69 1.297414576747326
70 1.300782930714358
71 1.30369132595062
72 1.306160833358615
73 1.308227610993409
74 1.309941148024768
75 1.311349108030851
76 1.31249775581255
77 1.313435540931027
78 1.314199900637838
79 1.314821308381248
80 1.315327737574318
81 1.315740484791774
82 1.3160772144363
83 1.316351272183578
84 1.316574195408751
85 1.316755416470971
86 1.316903126010347
87 1.317024378809201
88 1.31712511172243
89 1.317210439211556
90 1.31728450542209
91 1.317350655037792
92 1.317411410957405
93 1.317468610363379
94 1.317523523244447
95 1.317576976611886
96 1.317628823561525
97 1.31767929087525
98 1.317728875283491
99 1.31777751783569
100 1.31782587460347
101 1.317873807422446
102 1.317921000627622
103 1.317967255436231
104 1.318012035298192
105 1.318054818970462
106 1.31809509968546
107 1.318132607717066
108 1.3181672091814
109 1.318198913426037
110 1.318227811262427
111 1.31825403361355
112 1.318277707122677
113 1.31829896577376
114 1.318317962647446
115 1.318334870483592
116 1.318349880579092
117 1.31836318988898
118 1.318374999111676
119 1.318385498365821
120 1.318394859709277
121 1.318403232000575
122 1.31841074290992
123 1.318417499122712
124 1.318423590270846
125 1.318429094128749
126 1.318434053629799
127 1.318438491087279
128 1.318442499801901
129 1.318446095107757
130 1.318449326707591
131 1.318452246305821
132 1.31845487751531
133 1.318457239012436
134 1.318459360772092
135 1.31846127440948
136 1.318463010017136
137 1.318464593752658
138 1.318466055469222
139 1.318467396124654
140 1.318468595086027
141 1.318469643061794
142 1.318470533941966
143 1.31847126090066
144 1.318471827212411
145 1.318472262355166
146 1.3184725996288
147 1.318472902850627
148 1.318473171080611
149 1.318473402440777
150 1.318473599062633
151 1.318473756802392
152 1.318473877895566
153 1.318473958542154
154 1.31847399549072
155 1.318473990360418
156 1.318473941206872
157 1.318473852085199
158 1.318473724494325
159 1.318473567564417
160 1.318473371753619
161 1.318473145874163
162 1.318472915897257
163 1.318472700896673
164 1.318472511068867
165 1.318472349478453
166 1.318472214744235
167 1.318472103574295
168 1.318472011977786
169 1.318471935814297
170 1.318471871248528
171 1.318471814999471
172 1.318471764403907
173 1.318471717427872
174 1.3184716727041
175 1.31847162947377
176 1.318471587467542
177 1.318471548218981
178 1.318471509984306
179 1.318471473566239
180 1.318471438448358
181 1.318471404648024
182 1.318471372624323
183 1.318471342530765
184 1.318471314788407
185 1.31847128955262
186 1.31847126205554
187 1.318471236768864
188 1.318471213084561
189 1.318471191512394
190 1.318471172259444
191 1.318471154794671
192 1.318471139050888
193 1.31847112453445
194 1.318471111081032
195 1.318471098453669
196 1.318471086304537
197 1.318471074312169
198 1.318471062303493
199 1.318471050155841
200 1.318471037403511
201 1.318471023592034
202 1.3184710244025
203 1.318471023818271
204 1.318471022599898
205 1.318471018031823
206 1.318471010665449
207 1.318471001558962
208 1.318470989622385
209 1.318470974835092
210 1.318470957221155
211 1.318470930523207
212 1.318470894818843
213 1.318470850340582
214 1.318470796956152
215 1.318470738553708
216 1.31847067936555
217 1.318470622096273
218 1.318470577166947
219 1.318470538932529
220 1.318470505587416
221 1.318470472678249
222 1.318470441058329
223 1.318470411822876
224 1.318470384823796
225 1.318470360305179
226 1.318470338257687
227 1.318470318665323
228 1.318470301589248
229 1.31847028701376
230 1.31847027489662
231 1.318470265099522
232 1.31847025745897
233 1.318470251722186
234 1.318470247642764
235 1.318470244921013
236 1.318470243296295
237 1.318470242488097
238 1.318470242275509
239 1.318470242434657
240 1.318470242811209
241 1.318470243250438
242 1.318470243665096
243 1.318470243963888
244 1.318470244118076
245 1.318470244087482
246 1.318470243885584
247 1.318470243506271
248 1.318470242989354
249 1.318470242348621
250 1.31847024163846
