"downforce_cl-rfile"
"Iteration" "downforce_cl"
("Iteration" "downforce_cl")
1 0.1637022890478578
2 0.4415764248085781
3 0.6711162397832665
4 0.8206233551465565
5 0.9194388927002396
6 0.9867565192970806
7 1.01597121612058
8 0.9811898354535372
9 0.8316249125455262
10 0.5686063001399142
11 0.2875511707944822
12 0.07174922988780405
13 0.001082632857341382
14 0.07527298865475651
15 0.06011897081624105
16 0.01638790393423656
17 0.1025263215979226
18 0.3002219317386532
19 0.5416784796013652
20 0.7664956013203109
21 0.9136225692136192
22 0.9639063596040574
23 0.9349636777296618
24 0.7827502621644907
25 0.4954016323674723
26 0.1770688048072
27 -0.0631625998970291
28 -0.1522680770684335
29 -0.1389653743334908
30 -0.2091074489526243
31 -0.2166731696299544
32 -0.009348627651394614
33 0.3311569459440751
34 0.6622921433376195
35 0.9060188933272676
36 1.064658292049255
37 1.162232796129493
38 1.219439958441925
39 1.253354498111424
40 1.276109533013441
41 1.294090446109102
42 1.309004927129748
43 1.320620017905684
44 1.328159889857332
45 1.331358493640921
46 1.330458355462781
47 1.326070367801517
48 1.31898923638808
49 1.310060141804529
50 1.300154111007032
51 1.290148762109395
52 1.280633854024507
53 1.272028753700133
54 1.264677287719364
55 1.258706394913687
56 1.254133338903524
57 1.250865626846094
58 1.248739615632116
59 1.247561614820659
60 1.247130699724379
61 1.247265784433526
62 1.247807066309764
63 1.248626281276775
64 1.249617323908408
65 1.250701525669748
66 1.251822103709711
67 1.252939411474713
68 1.254026481034667
69 1.255064513946188
70 1.256041272089638
71 1.256950382755154
72 1.257788890959684
73 1.258540155224066
74 1.259215716623095
75 1.259827291213208
76 1.260377396311481
77 1.260871857809837
78 1.261315309705382
79 1.261714906855341
80 1.2620746991983
81 1.262399794909336
82 1.262692251877669
83 1.262954584695167
84 1.263189377939574
85 1.263398930239333
86 1.263585764989292
87 1.263752201115996
88 1.26390061005412
89 1.264032889498576
90 1.264154372074881
91 1.264265548584992
92 1.264366303781773
93 1.264458262680231
94 1.264541676190714
95 1.264617253147816
96 1.264685293223092
97 1.264745081328431
98 1.264797864406689
99 1.264845123244633
100 1.264887442949116
101 1.264925691387337
102 1.264960560004423
103 1.264992813329284
104 1.265022931685341
105 1.265051258589009
106 1.265077965626784
107 1.265103162962616
108 1.265126938882513
109 1.265149373184087
110 1.265170552199466
111 1.2651905590852
112 1.265209481339743
113 1.265227401804456
114 1.265244398619104
115 1.265260476974727
116 1.265275580224572
117 1.265289675684909
118 1.265302763712381
119 1.265314862239581
120 1.265326001238802
121 1.2653362167613
122 1.265345548768641
123 1.265354040309532
124 1.265361736280143
125 1.265368684297319
126 1.26537493953012
127 1.265380559668489
128 1.26538560036138
129 1.265390114932137
130 1.265394153348446
131 1.265397761808461
132 1.265400982528035
133 1.265403853723352
134 1.265406409808254
135 1.265408733639663
136 1.26541083544963
137 1.265412707904693
138 1.265414376525619
139 1.265415851648583
140 1.265417120081629
141 1.265418202640326
142 1.265419132033158
143 1.265419919201422
144 1.265420584952996
145 1.265421147722249
146 1.265421627677266
147 1.265422040012788
148 1.26542239694124
149 1.265422707211783
150 1.265422976065133
151 1.265423209438271
152 1.265423412506722
153 1.265423589290639
154 1.26542374300482
155 1.26542387623355
156 1.26542399372564
157 1.265424095930096
158 1.265424181816916
159 1.265424254126212
160 1.265424313383562
161 1.26542436026927
162 1.265424395598262
163 1.265424422142263
164 1.265424441956564
165 1.265424455718898
166 1.265424465236304
167 1.265424472109896
168 1.265424477426689
169 1.265424481810299
170 1.265424486546024
171 1.26542448942911
172 1.265424490544605
173 1.265424491109604
174 1.265424491349119
175 1.265424491459267
176 1.265424491175458
177 1.265424490697417
178 1.265424490097697
179 1.265424489578035
180 1.26542448918028
181 1.265424488938721
182 1.265424488753648
183 1.265424488558432
184 1.265424488202312
185 1.265424487618628
186 1.265424486690973
187 1.265424485381958
188 1.265424483613645
189 1.265424481405634
190 1.265424478725913
191 1.265424475635714
192 1.26542447213576
193 1.265424468303288
194 1.265424464138758
195 1.265424459713562
196 1.265424455021135
197 1.265424450123575
198 1.265424445029125
199 1.265424439836992
200 1.265424434559516
201 1.265424429275006
202 1.265424423986431
203 1.265424418788358
204 1.265424413701076
205 1.265424408810979
206 1.265424404123675
207 1.26542439970226
208 1.265424395529424
209 1.265424391656976
210 1.265424388051416
211 1.265424384876114
212 1.265424381796985
213 1.265424378965288
214 1.265424376460384
215 1.265424374351211
216 1.265424372678327
217 1.265424371446619
218 1.26542437060187
219 1.26542437012655
220 1.265424369914856
221 1.265424369940867
222 1.265424370094988
223 1.265424370366153
224 1.265424370661696
225 1.265424370991329
226 1.265424371280884
227 1.265424371553407
