"downforce_cl-rfile"
"Iteration" "downforce_cl"
("Iteration" "downforce_cl")
1 0.3249183858976086
2 0.8164014313298733
3 1.182669564488573
4 1.251533012642459
5 1.112423772414513
6 0.7716930545260716
7 0.3535391760342747
8 0.01372765202134755
9 -0.1661188781124451
10 -0.1635863859604023
11 -0.1059752251044804
12 -0.06819629456293873
13 0.1721862961225925
14 0.4930079485471747
15 0.6874388369312781
16 0.6344592169210098
17 0.3685803113921148
18 0.06141274721580996
19 -0.1555825628531837
20 -0.2245697193392871
21 -0.1254314744432108
22 0.006242756135567804
23 0.1163176533801428
24 0.1324489485597019
25 0.03983386134101349
26 -0.08991028185183503
27 -0.2223032061554452
28 -0.3240439227183807
29 -0.3493591753134189
30 -0.2532878980986245
31 -0.02385366425427995
32 0.3230315346805159
33 0.6932525175555719
34 0.9768115619731123
35 1.131504352715406
36 1.16630101489597
37 1.134213353524874
38 1.104122232226382
39 1.117833967726721
40 1.174823964406285
41 1.247803411351606
42 1.306364263303522
43 1.332355368598503
44 1.327218796670392
45 1.302505338776611
46 1.267731953633014
47 1.228994199079821
48 1.191291535971119
49 1.158556011130074
50 1.133304421117575
51 1.116564793362743
52 1.107206263074373
53 1.102902237477791
54 1.102079252982068
55 1.104024663815413
56 1.108396704441996
57 1.114762914159777
58 1.122424170086797
59 1.130625678253948
60 1.138825943812649
61 1.146738930933731
62 1.154236457902637
63 1.161211072397489
64 1.167547661487017
65 1.1731520914253
66 1.177955610885672
67 1.18198294247452
68 1.185289551654155
69 1.18792703161254
70 1.189964533171562
71 1.191458776436465
72 1.192491065801517
73 1.193157123763025
74 1.193545924944289
75 1.193734876492201
76 1.193791558860843
77 1.193769134369135
78 1.193706919408147
79 1.193632364612747
80 1.193561443967203
81 1.193501470224205
82 1.193454696042064
83 1.193420503680756
84 1.193396789755864
85 1.193381753222245
86 1.193374449347459
87 1.193374519046462
88 1.193382218723986
89 1.193397357304757
90 1.1934193863689
91 1.193447417700067
92 1.193479927900565
93 1.193515031057814
94 1.193550555498394
95 1.193584397594402
96 1.193614693852615
97 1.193641816537454
98 1.193665063456055
99 1.193682689108042
100 1.193695133036047
101 1.193703032050389
102 1.193707026473509
103 1.193707476817713
104 1.193704580279368
105 1.193698671419445
106 1.193690210422384
107 1.193679901286125
108 1.193668528930234
109 1.19365665001667
110 1.193644664057616
111 1.193632804655473
112 1.193621186671274
113 1.193609881924658
114 1.193598893949974
115 1.193588229232515
116 1.193577909169745
117 1.193567963905222
118 1.193558404512777
119 1.193549249830735
120 1.193540514091575
121 1.19353219854299
122 1.193524296154056
123 1.193516794306406
124 1.193509681667438
125 1.193502928242611
126 1.193496356088301
127 1.19348986848554
128 1.19348354584318
129 1.193477378338196
130 1.193471405651205
131 1.193465726808772
132 1.193460410805945
133 1.193455529279402
134 1.193451120586211
135 1.193447147918669
136 1.193443529219344
137 1.19344016604227
138 1.193436968006467
139 1.193433872779606
140 1.193430835531318
141 1.193427858755342
142 1.193424971320201
143 1.193422195731602
144 1.193419544256174
145 1.193417021090617
146 1.193414653429175
147 1.193412451816784
148 1.193410400556361
149 1.193408487114688
150 1.193406701201562
151 1.193405031435963
152 1.193403470103162
153 1.193402011846628
154 1.193400651841034
155 1.193399386944012
156 1.193398214436384
157 1.193397130823932
158 1.193396132624225
159 1.193395216262767
160 1.193394377533782
161 1.193393611696511
162 1.193392913738685
163 1.193392278536789
164 1.19339170103891
165 1.193391177244528
166 1.193390708534833
167 1.19339029211039
168 1.193389922857994
169 1.19338959348909
170 1.193389294713914
171 1.193389018275109
172 1.193388757792062
173 1.193388509925318
174 1.193388274774924
175 1.193388054058851
176 1.193387849702081
177 1.193387662916726
178 1.193387493655549
179 1.193387340679473
180 1.193387201987464
181 1.19338707528098
182 1.193386958363286
183 1.193386849421584
184 1.193386747116768
185 1.193386650532832
186 1.193386559056303
187 1.193386472249886
188 1.193386389754528
189 1.193386311222934
190 1.1933862363163
191 1.193386164709511
192 1.193386096070855
193 1.193386030128618
194 1.193385966639679
195 1.193385905343751
196 1.193385846023984
197 1.193385788545114
198 1.193385732846639
199 1.193385678922529
200 1.1933856267965
201 1.193385576495011
202 1.19338552803871
203 1.193385481443538
204 1.193385436721994
205 1.193385393886251
206 1.193385352943431
207 1.193385313897662
208 1.193385276765792
209 1.193385241561549
210 1.193385208301013
211 1.193385177000513
212 1.193385147666298
213 1.193385120291654
214 1.193385094854248
215 1.193385071317928
