"downforce_cl-rfile"
"Iteration" "downforce_cl"
("Iteration" "downforce_cl")
1 0.2481544305492165
2 0.6497536186417736
3 0.9751385586206573
4 1.125432163433469
5 1.152010625657087
6 1.044777031498427
7 0.7679408506345581
8 0.3830969948062323
9 0.04854827849939605
10 -0.1249870220249532
11 -0.1052224940807783
12 -0.02558519270307746
13 -0.01462430728113868
14 0.1628429433498836
15 0.5064804320194697
16 0.8724789306086111
17 1.120617368865197
18 1.159717910301736
19 0.9927806378632997
20 0.6852803363368862
21 0.3311180660949829
22 0.02608973065318374
23 -0.2049899121068802
24 -0.3610128651470261
25 -0.4421869466761706
26 -0.4627448276274485
27 -0.4362190258825965
28 -0.2273983898545004
29 0.2062874979155892
30 0.7145291585403037
31 1.132492895284473
32 1.40187380942731
33 1.525317893837733
34 1.49896153182374
35 1.31024747136996
36 0.9585836298008652
37 0.5415460538005804
38 0.2233441006435039
39 0.1042672634497056
40 0.1928188813132407
41 0.3250115788624447
42 0.5135839852400177
43 0.7806372418891193
44 1.026281581342147
45 1.159743564143133
46 1.15847768928958
47 1.020513696568715
48 0.7844975343113509
49 0.5651358014941136
50 0.4759477481544077
51 0.5467972465114609
52 0.6915121695217925
53 0.8683728191040403
54 1.033549712563031
55 1.125699290028589
56 1.144294645569403
57 1.12289744941468
58 1.101344040375574
59 1.110522779159855
60 1.151403280903535
61 1.205495612982849
62 1.253631780294133
63 1.28659422718572
64 1.306471335143284
65 1.318616614274067
66 1.325918605900952
67 1.329418916094576
68 1.329706628195463
69 1.327640592116052
70 1.324431506050771
71 1.32098773110477
72 1.317642671328359
73 1.314461858872422
74 1.311517048978309
75 1.308962538297821
76 1.306952461127054
77 1.305518202169385
78 1.304559354955498
79 1.303917656860398
80 1.303473456462457
81 1.303180516333901
82 1.303022271424746
83 1.302980763696863
84 1.303027172105913
85 1.303131698378943
86 1.303274323986174
87 1.303444471364303
88 1.303633773621984
89 1.303829525865481
90 1.304015958752121
91 1.304179199796768
92 1.304309822032289
93 1.304404381284932
94 1.304463425929817
95 1.304489762206913
96 1.304487282265182
97 1.30446035562634
98 1.304413727962753
99 1.304352312702716
100 1.304280852306181
101 1.304203626191595
102 1.30412422457942
103 1.304045512716486
104 1.303969722798631
105 1.303898453006123
106 1.303832740469725
107 1.303773127306053
108 1.303719776700966
109 1.303672556852668
110 1.30363107109595
111 1.30359460644694
112 1.303562166393432
113 1.303532797158472
114 1.303505677728972
115 1.303480195836925
116 1.30345592016773
117 1.303432573169431
118 1.30340998700539
119 1.303388075822856
120 1.303366818441716
121 1.303346237084028
122 1.303326375779489
123 1.30330726685668
124 1.303288928783126
125 1.303271363412442
126 1.303254578558442
127 1.303238564641605
128 1.303223291791011
129 1.303208736335188
130 1.303194872335465
131 1.303181655786427
132 1.303169030238402
133 1.303156931487471
134 1.303145283283146
135 1.303134002846766
136 1.303123008627077
137 1.303112220378476
138 1.3031015633971
139 1.303090970755889
140 1.303080385278931
141 1.303069763920227
142 1.303059077951244
143 1.303048314189355
144 1.303037477874315
145 1.303026592108667
146 1.303015698946175
147 1.303004859310772
148 1.302994150962785
149 1.302983664998766
150 1.302973501150284
151 1.30296376198534
152 1.302954547189164
153 1.302945948113041
154 1.302938041587561
155 1.302930887003519
156 1.302924521604248
157 1.302918960470915
158 1.302914197216944
159 1.302910205545672
160 1.302906942558832
161 1.302904352134828
162 1.302902369309168
163 1.302900921179819
164 1.302899934206332
165 1.302899335598386
166 1.30289905500383
167 1.302899027668208
168 1.302899195256646
169 1.302899506596645
170 1.3028999176872
171 1.302900391991946
172 1.30290089944137
173 1.302901416121763
174 1.302901923933594
175 1.302902409728887
176 1.302902864724879
177 1.302903283397441
178 1.302903663089619
179 1.302904003073242
180 1.302904303986186
181 1.302904567828236
182 1.302904796964672
183 1.302904993706033
184 1.302905160326398
185 1.302905300003277
186 1.302905416216088
187 1.302905512274139
188 1.302905592021947
189 1.30290565732533
190 1.302905709977427
191 1.302905751025066
192 1.302905780719958
193 1.302905800366642
194 1.30290581084413
195 1.302905813231745
196 1.302905808713983
197 1.302905798248245
198 1.302905783213031
199 1.302905764106438
200 1.302905741487066
201 1.302905715908896
202 1.302905687946745
203 1.302905658350281
204 1.302905627084268
205 1.302905593956968
206 1.30290555939328
207 1.302905523967966
208 1.302905487773856
209 1.302905450738533
210 1.302905412621596
211 1.30290537373891
212 1.302905334109729
213 1.302905293639228
214 1.302905252731166
215 1.302905211894586
216 1.302905171923612
217 1.302905133342393
218 1.302905096133148
219 1.302905059876394
220 1.302905024431449
221 1.302904990063686
222 1.302904956634372
223 1.302904924198622
224 1.302904893023131
225 1.302904863005721
226 1.302904834044867
227 1.302904806159827
228 1.302904779296547
229 1.302904753391298
230 1.302904728332318
231 1.302904703978756
232 1.302904680235723
233 1.302904657013128
234 1.302904634259714
235 1.302904611986387
236 1.302904590159076
237 1.302904568808958
238 1.302904547967406
239 1.302904527632144
240 1.302904507815585
241 1.302904488504415
242 1.302904469678884
243 1.302904451310957
244 1.302904433376194
245 1.302904415822991
246 1.302904398689105
247 1.30290438194886
248 1.302904365589752
249 1.30290434969237
250 1.302904334316092
251 1.302904319525486
252 1.302904305370211
253 1.302904291873754
254 1.30290427903063
255 1.30290426683103
256 1.302904255141643
257 1.302904244034856
258 1.302904233363293
259 1.302904223026975
260 1.302904213021268
261 1.302904203278459
262 1.30290419385802
263 1.302904184854105
264 1.302904176443369
265 1.302904168680567
266 1.302904161540192
267 1.302904154974871
268 1.302904148838595
269 1.30290414296074
270 1.302904137181258
271 1.302904131370548
272 1.302904125416994
273 1.302904119288628
274 1.302904112981238
275 1.302904106516325
276 1.302904099948703
277 1.302904093358862
278 1.302904086851474
279 1.302904080540942
280 1.30290407453303
281 1.302904068910003
282 1.302904063718826
283 1.302904058966337
284 1.302904054621032
285 1.302904050623468
286 1.30290404693686
287 1.302904043513965
288 1.302904040364408
289 1.302904037423004
290 1.302904034637874
291 1.302904031977366
292 1.30290402939623
293 1.302904026856097
294 1.302904024336667
295 1.302904021818336
296 1.302904019284491
297 1.302904016713798
298 1.30290401407587
299 1.302904011337629
300 1.302904008462424
301 1.302904005414578
302 1.302904002167712
303 1.30290399870829
304 1.302903995036901
305 1.302903991176542
306 1.302903987180744
307 1.302903983143828
308 1.302903979194081
309 1.302903975457941
310 1.302903972037261
311 1.302903969044199
312 1.302903966463833
313 1.302903964251268
314 1.302903962356619
315 1.302903960690925
316 1.302903959183138
317 1.302903957778443
318 1.302903956447668
319 1.302903955184732
320 1.302903953999692
321 1.302903952909346
322 1.302903951932578
323 1.302903951088647
324 1.302903950385481
325 1.302903949812953
326 1.302903949341662
327 1.302903948926943
328 1.302903948513014
329 1.302903948041817
330 1.302903947458961
331 1.302903946720608
332 1.302903945796862
333 1.30290394467543
334 1.302903943368868
335 1.302903941922541
336 1.30290394041261
337 1.302903938934178
338 1.30290393758096
339 1.302903936428726
340 1.302903935521743
341 1.302903934865342
342 1.302903934429885
343 1.302903934158723
344 1.3029039339814
345 1.302903933830054
346 1.30290393364997
347 1.302903933405806
348 1.302903933080197
349 1.302903932673301
350 1.302903932194246
351 1.302903931659309
352 1.302903931085884
353 1.302903930484614
354 1.30290392985525
355 1.302903929187668
356 1.302903928461577
357 1.302903927647752
358 1.302903926697774
359 1.302903925626743
360 1.302903924422718
361 1.302903923077584
362 1.302903921570614
363 1.302903919913611
364 1.302903918151304
365 1.302903916369921
366 1.302903914674794
367 1.30290391317304
368 1.302903911952276
369 1.302903911063309
370 1.302903910516459
371 1.302903910287682
372 1.302903910320643
373 1.302903910544473
374 1.302903910886143
375 1.302903911285999
376 1.302903911681734
377 1.302903912042511
378 1.302903912412813
379 1.30290391283811
380 1.302903913321267
381 1.30290391388202
382 1.302903914519669
383 1.302903915218106
384 1.302903915938815
385 1.302903916631702
386 1.302903917228796
387 1.302903917652931
388 1.302903917849876
389 1.302903917790961
390 1.302903917429012
391 1.302903916753836
392 1.302903915829988
393 1.302903914761596
394 1.30290391365849
395 1.302903912641168
396 1.302903911807891
397 1.302903911223021
398 1.302903910911377
399 1.302903910858076
400 1.302903911015163
401 1.302903911313974
402 1.302903911679789
403 1.302903912038176
404 1.302903912329776
405 1.30290391251924
406 1.302903912594309
407 1.302903912561968
408 1.302903912444571
409 1.302903912272097
410 1.302903912070108
411 1.302903911850862
412 1.30290391163501
413 1.302903911448467
414 1.302903911264348
415 1.30290391101504
416 1.302903910632186
417 1.302903910069394
418 1.302903909297445
419 1.30290390831229
420 1.302903907137973
421 1.302903905827711
422 1.30290390445976
423 1.302903903145996
424 1.302903901992028
425 1.302903901081718
426 1.302903900476512
427 1.302903900202274
428 1.302903900250012
429 1.302903900584952
430 1.302903901150628
431 1.302903901878722
432 1.30290390270006
433 1.302903903556472
434 1.30290390440527
435 1.302903905222009
436 1.302903905998831
437 1.302903906740374
438 1.302903907457196
439 1.302903908159254
440 1.30290390884877
441 1.302903909516532
442 1.302903910140009
