"downforce_cl-rfile"
"Iteration" "downforce_cl"
("Iteration" "downforce_cl")
1 -0.06588839835148252
2 -0.007638423043848853
3 0.1687737261437695
4 0.2405919948322534
5 0.4270983013734529
6 0.5590430052060643
7 0.6621637637846713
8 0.7691297362113607
9 0.8464096670271547
10 0.9117094690804354
11 0.9566877594991434
12 0.9811791009070538
13 0.9748072484474211
14 0.9138647461731807
15 0.747300794804006
16 0.4891082068626712
17 0.2600460331259016
18 0.1508580039485591
19 0.2048159994378048
20 0.3098573956010902
21 0.4495372374992006
22 0.5952196896267832
23 0.7165615799595567
24 0.8043691108314467
25 0.8608383526491293
26 0.8923109666406817
27 0.9012439860304114
28 0.889656150772184
29 0.8627424896557088
30 0.8276515383264745
31 0.7856766353549084
32 0.7240541743433248
33 0.6201945965669748
34 0.4539971136756639
35 0.2733611749166179
36 0.1598695596596181
37 0.1726113327759655
38 0.2315905912502646
39 0.2714728464168111
40 0.3698057680118648
41 0.5202864671927301
42 0.6604314728535325
43 0.7687096784109348
44 0.8502851023625749
45 0.9137679017903764
46 0.9627459023708574
47 0.9992510633902343
48 1.025138319226351
49 1.042329988224004
50 1.05276459416268
51 1.058161324713958
52 1.060039745770202
53 1.05951186753842
54 1.057481747467781
55 1.054622174508524
56 1.05144290410334
57 1.04830737663121
58 1.045427875363522
59 1.042926920904639
60 1.04085388219183
61 1.03921138689826
62 1.037976258244674
63 1.037095446774668
64 1.036511738752159
65 1.036165520415348
66 1.035998488624013
67 1.03596313319907
68 1.036020034079281
69 1.036136222496111
70 1.036287551572838
71 1.036452250567493
72 1.036622031404905
73 1.036783843798994
74 1.036934171675651
75 1.037072442908532
76 1.037196213254505
77 1.037307524440799
78 1.037406729488325
79 1.037495326129599
80 1.037573855690271
81 1.037643410563396
82 1.037704733791853
83 1.037758717714337
84 1.037806173141209
85 1.037847919213263
86 1.037884780168548
87 1.037917452597192
88 1.037946607361067
89 1.037972834522868
90 1.037996649918327
91 1.038018499079239
92 1.038038721253244
93 1.038057562663201
94 1.038075196006214
95 1.038091708985132
96 1.038107147957733
97 1.03812153485945
98 1.038134883226679
99 1.038147199436487
100 1.038158504667332
101 1.038168846284277
102 1.038178280853923
103 1.038186883563893
104 1.038194736296459
105 1.038201928689208
106 1.038208548066389
107 1.038214673434635
108 1.038220375856092
109 1.038225715347402
110 1.03823074386389
111 1.038235501482084
112 1.038240018426202
113 1.038244317189017
114 1.038248413710636
115 1.038252317753878
116 1.038256034806356
117 1.038259567902528
118 1.038262918627676
119 1.038266090169688
120 1.038269087778782
121 1.038271917157705
122 1.03827458432118
123 1.03827709645176
124 1.038279460064642
125 1.038281681765261
126 1.038283769612091
127 1.038285732052273
128 1.03828757602555
129 1.038289217367414
130 1.038290707294061
131 1.038292083723507
132 1.038293346881868
133 1.038294520848702
134 1.038295623037538
135 1.038296676499643
136 1.038297690601147
137 1.038298672449578
138 1.03829962238984
139 1.038300539790505
140 1.038301422662652
141 1.03830226874334
142 1.038303075999477
143 1.038303842557199
144 1.038304567231576
145 1.038305249363227
146 1.038305889004849
147 1.038306486798928
148 1.038307043973127
149 1.038307562190896
150 1.038308043381671
151 1.038308489714932
152 1.038308903378294
153 1.038309286580103
154 1.038309641415197
155 1.038309969867731
156 1.038310273749538
157 1.038310554860887
158 1.038310814882421
159 1.038311055375517
160 1.038311277776897
161 1.038311483408211
