"downforce_cl-rfile"
"Iteration" "downforce_cl"
("Iteration" "downforce_cl")
1 0.3794381478081773
2 0.9288119795130508
3 1.284243203627811
4 1.219086448524275
5 0.915198134690474
6 0.4935730995063625
7 0.1436260443982871
8 -0.05354655037777654
9 -0.1247997824940034
10 -0.1093095142624159
11 -0.09954747226875386
12 -0.06280655301307399
13 0.1393313696379264
14 0.2222648762367083
15 0.1126910398531286
16 -0.08005770162477827
17 -0.2641224405014798
18 -0.3686716078492474
19 -0.3628147912700033
20 -0.2561835879498682
21 -0.1421959283449493
22 -0.02631310390141858
23 -0.01014396212147244
24 -0.1012640190313608
25 -0.2161575960245779
26 -0.3252102065618525
27 -0.3905492704140072
28 -0.3434593476525077
29 -0.1343688451589828
30 0.2314934151445384
31 0.6448800418215569
32 0.9354951493904089
33 1.010433016919684
34 0.9029070999100512
35 0.731886318685558
36 0.6158338450578114
37 0.6102461902861351
38 0.7020835399083226
39 0.8430287951466177
40 0.9745490393349414
41 1.054007628199098
42 1.084922696941121
43 1.097525708913826
44 1.108653886418493
45 1.119158086211514
46 1.126098733848314
47 1.127132109562992
48 1.123198179511042
49 1.118302526049888
50 1.114926255103689
51 1.112556489988395
52 1.109998253117382
53 1.106821761475528
54 1.103319445987812
55 1.100035150565792
56 1.097248444120168
57 1.094937425448937
58 1.093132469077336
59 1.092062885483704
60 1.091988492554901
61 1.092876074072224
62 1.094408444079851
63 1.096225804094689
64 1.098066220286598
65 1.099835543037322
66 1.101549052440662
67 1.103230177595162
68 1.104861999584738
69 1.106400347448165
70 1.107804210062647
71 1.109052313004585
72 1.110139807085954
73 1.111065457935222
74 1.111828044352082
75 1.112431671896932
76 1.112890832029035
77 1.113230021414192
78 1.113477360189235
79 1.113657950381295
80 1.113790264676335
81 1.113887192227845
82 1.113957859896469
83 1.114009369963829
84 1.114046482730995
85 1.114071819062708
86 1.114086896335655
87 1.114088613326811
88 1.114077574827533
89 1.114058245882138
90 1.114033198957617
91 1.114005483743752
92 1.11397818624555
93 1.113953379632808
94 1.113931661679535
95 1.113912486558085
96 1.113894311414436
97 1.113875455695919
98 1.113854902148209
99 1.113832301648809
100 1.113807917953434
101 1.113782495809936
102 1.113756704871201
103 1.113731342384122
104 1.113706901920907
105 1.113683468476006
106 1.113661051004606
107 1.113639564084606
108 1.113618859947096
109 1.113598907027753
110 1.113579665975296
111 1.11356111367675
112 1.113543298845515
113 1.113526290822048
114 1.113510140438052
115 1.113494883343312
116 1.113480520945374
117 1.113467031317052
118 1.113454388562536
119 1.113442560168554
120 1.113431506504324
121 1.113421182564464
122 1.11341154241044
123 1.113402549283118
124 1.113394147536859
125 1.113386304956415
126 1.113378976908061
127 1.113372108258836
128 1.113365658927003
129 1.113359591375085
130 1.113353874499298
131 1.113348485592849
132 1.113343403625853
133 1.11333861261351
134 1.113334098964559
135 1.113329847594629
136 1.113325842290583
137 1.113322065571917
138 1.113318501072001
139 1.113315132263348
140 1.113311945052851
141 1.113308923324148
142 1.113306054650945
143 1.113303326916838
144 1.113300730823475
145 1.11329826478665
146 1.113295932261281
147 1.11329373486792
148 1.113291670338177
149 1.113289733292327
150 1.113287916442711
151 1.113286212329442
152 1.113284613457455
153 1.113283114743654
154 1.113281709802518
155 1.113280392757053
156 1.113279160053136
157 1.113278008965186
158 1.113276932250449
159 1.113275915087516
160 1.113274955478468
161 1.113274061391434
162 1.11327324506839
163 1.113272509959514
164 1.113271847436722
165 1.113271247695188
166 1.113270697026713
167 1.113270181954402
168 1.113269691699751
169 1.113269219902657
170 1.113268766976794
171 1.113268337165033
172 1.11326793513826
173 1.113267563722503
174 1.113267220191379
175 1.11326690105883
176 1.113266605029574
177 1.113266330173377
178 1.113266076302924
179 1.113265842338574
180 1.113265627008432
181 1.11326542976694
182 1.11326524862444
183 1.113265080816518
184 1.11326492380918
185 1.113264775838634
186 1.113264636131143
187 1.113264504642559
188 1.113264381633238
189 1.113264266980086
190 1.113264160314982
191 1.113264061237302
192 1.113263969217487
193 1.113263883585009
194 1.113263803654008
195 1.113263728832834
196 1.113263658667777
197 1.113263592869087
198 1.113263531292813
199 1.113263473862277
200 1.113263420512836
201 1.113263371124914
202 1.113263325532017
203 1.113263283525332
204 1.11326324485091
205 1.113263209229505
206 1.113263176391873
207 1.113263146090729
208 1.113263118102792
209 1.113263092224787
210 1.113263068269923
211 1.113263046058861
212 1.113263025437593
213 1.113263006269906
214 1.113262988390673
215 1.113262971638252
216 1.113262955890985
217 1.11326294104487
218 1.113262927017161
219 1.113262913746434
220 1.113262901192745
221 1.113262889340251
222 1.11326287816487
223 1.113262867613297
224 1.113262857581209
225 1.113262848124985
226 1.113262839363609
227 1.113262831126159
228 1.113262823367146
229 1.113262816052928
230 1.11326280919726
231 1.113262802821341
232 1.113262796963591
233 1.113262791686242
234 1.113262787014442
235 1.113262782905208
236 1.113262779260747
237 1.113262775965236
238 1.113262772923366
239 1.113262770119899
240 1.113262767448437
241 1.113262764951376
242 1.113262762690692
243 1.113262760612464
244 1.113262758783905
245 1.113262757221255
