"drag_cd-rfile"
"Iteration" "drag_cd"
("Iteration" "drag_cd")
1 0.2673247548171329
2 0.1483234203946586
3 0.08403959778440187
4 0.05715624478498696
5 0.048711394448878
6 0.04934704878059396
7 0.05719110485396805
8 0.07246578887659155
9 0.08904778651751218
10 0.09752183604048242
11 0.08853340744327798
12 0.07013598672048965
13 0.06320335582066464
14 0.05362720236290235
15 0.04349192776764254
16 0.03725429385183948
17 0.03693209644222749
18 0.04139414477629355
19 0.05129262391064732
20 0.06760280028884265
21 0.08463309139654311
22 0.08793078965883883
23 0.07813534782016426
24 0.0662223477753468
25 0.06526220094860764
26 0.06325989995436782
27 0.06673663998207276
28 0.08157878824468631
29 0.1099307147301764
30 0.1482746576582988
31 0.1702412811592215
32 0.1595100279366954
33 0.1297886449953312
34 0.1010428384510455
35 0.08574178813720262
36 0.06265580154022572
37 0.0385134739904136
38 0.03236084156761484
39 0.03477609975919366
40 0.03660885601596625
41 0.0356574436369979
42 0.03321868430642336
43 0.03033674041060903
44 0.02768726416079821
45 0.02548117679550047
46 0.02384529199606895
47 0.02267606145690406
48 0.02190406381908835
49 0.02142394944813568
50 0.02117217234274057
51 0.02107620530859693
52 0.02108265362596812
53 0.02116311759897805
54 0.02127967099341863
55 0.02141696200509473
56 0.02155817605023631
57 0.02169618604611217
58 0.02182595848695336
59 0.02194439282455247
60 0.02205081022028307
61 0.02214505377624538
62 0.02222754644317772
63 0.02229875982802618
64 0.02235958631823893
65 0.02241096342752332
66 0.02245392217952161
67 0.02248938013594065
68 0.02251833221415515
69 0.02254238401645228
70 0.02256146642062069
71 0.02257616026887061
72 0.02258758808691172
73 0.02259617248355323
74 0.02260262348664865
75 0.02260728744141382
76 0.02261054623452163
77 0.02261271975227462
78 0.02261417283682219
79 0.02261504807954874
80 0.02261546474049295
81 0.02261561797501803
82 0.02261558577001769
83 0.02261546006378494
84 0.02261527414649627
85 0.0226150579832501
86 0.02261482577041693
87 0.02261459789411267
88 0.02261437845296145
89 0.02261417095576103
90 0.02261397387496385
91 0.02261378228786918
92 0.02261359300155283
93 0.02261340124853633
94 0.02261320420215013
95 0.0226130007271002
96 0.02261279333127229
97 0.02261258349593286
98 0.02261236982211448
99 0.0226121522775417
100 0.02261193009697468
101 0.02261170347940342
102 0.02261147227460406
103 0.02261123624377282
104 0.0226109948967325
105 0.02261074938907091
106 0.02261050184870454
107 0.02261025258284542
108 0.02261000317492014
109 0.02260975498215477
110 0.02260956225721041
111 0.02260933549157793
112 0.02260908975134378
113 0.0226088521953027
114 0.02260861510857534
115 0.02260839147507082
116 0.02260817492411746
117 0.02260797140271666
118 0.02260777573353
119 0.02260758832206427
120 0.02260740715659082
121 0.02260723225514478
122 0.02260706376394016
123 0.02260690123272966
124 0.02260674536284247
125 0.02260659620694205
126 0.02260645399167269
127 0.02260631881415968
128 0.02260619077335395
129 0.02260606989355911
130 0.02260595604016827
131 0.02260584915554664
132 0.02260574903620242
133 0.02260565545519587
134 0.02260556812340827
135 0.02260548672867081
136 0.02260541100106169
137 0.0226053406782927
138 0.02260527552598824
139 0.02260521531918787
140 0.02260515983788464
141 0.02260510882136853
142 0.02260506200966484
143 0.02260501912033185
144 0.02260497987829764
145 0.02260494402861305
146 0.0226049113168117
147 0.02260488149974524
148 0.02260485435751879
149 0.02260482968877358
150 0.02260480731247015
151 0.02260478706135727
152 0.02260476877021045
153 0.02260475229097891
154 0.02260473748390229
155 0.02260472421364113
156 0.02260471235191274
157 0.02260470177636848
158 0.02260469236947584
159 0.02260468381140541
160 0.02260467598041938
161 0.02260466916483612
162 0.02260466327210592
163 0.02260465821432813
164 0.02260465379862626
165 0.02260465003115427
166 0.02260464689866123
167 0.02260464417381762
168 0.02260464175231318
169 0.02260463960094984
170 0.02260463769972061
171 0.02260463593213425
172 0.02260463441706909
173 0.02260463316297482
174 0.02260463216729735
175 0.0226046313893297
176 0.0226046307440749
177 0.02260463017709987
178 0.02260462968134405
179 0.02260462926659214
180 0.02260462892312432
181 0.02260462864749462
182 0.02260462842939336
183 0.02260462826227482
184 0.02260462813764085
185 0.02260462805073279
186 0.02260462799756774
187 0.02260462797330894
188 0.02260462797543344
189 0.02260462800040853
190 0.02260462804652207
191 0.02260462811079565
192 0.02260462818981902
193 0.02260462827911444
194 0.02260462837553573
195 0.02260462847667806
196 0.02260462857908375
197 0.02260462867952906
198 0.02260462877609363
199 0.02260462886625974
200 0.02260462894909773
201 0.02260462902439771
202 0.02260462909191586
203 0.02260462915138456
204 0.02260462920324344
205 0.02260462924887589
206 0.02260462928877974
207 0.02260462932317875
208 0.02260462935278773
209 0.02260462937798906
210 0.02260462939936267
211 0.02260462941777582
212 0.02260462943445571
213 0.02260462945007984
214 0.02260462946534382
215 0.02260462948045769
216 0.02260462949620142
217 0.02260462951241083
218 0.02260462952906319
219 0.0226046295460681
220 0.02260462956310471
221 0.02260462957963964
222 0.02260462959543355
223 0.02260462961020758
224 0.02260462962381576
225 0.02260462963589221
226 0.02260462964635482
227 0.02260462965499177
228 0.02260462966171477
229 0.02260462966658432
230 0.02260462966971839
231 0.02260462967085086
232 0.02260462967007348
233 0.0226046296677656
234 0.0226046296643129
235 0.02260462966005614
