"drag_cd-rfile"
"Iteration" "drag_cd"
("Iteration" "drag_cd")
1 0.2903900382785771
2 0.1786676551335804
3 0.1264248285867343
4 0.1090367957649676
5 0.1088342317664753
6 0.1054429804023933
7 0.09786843474610027
8 0.08599851891448931
9 0.0751062970275603
10 0.06654024733778982
11 0.05618890742786666
12 0.05172383986863113
13 0.07082913669498775
14 0.09284897537346158
15 0.1036789395030286
16 0.09784425951008682
17 0.07779232420834488
18 0.05693281614442357
19 0.04361798222776671
20 0.04358174672135132
21 0.05218029142506625
22 0.07346194173061243
23 0.09243949210922987
24 0.09557333742722859
25 0.08841843789344932
26 0.07280454933976503
27 0.05473477400623219
28 0.04014751058967436
29 0.03410667039617124
30 0.03770231497955294
31 0.04652705939577264
32 0.05623924105164497
33 0.06458001047169845
34 0.06879533946193822
35 0.06765912181650917
36 0.06309847250447806
37 0.05865278333531358
38 0.05665298010315168
39 0.05784716048763041
40 0.06072276944010278
41 0.06295817877906935
42 0.06391548326609557
43 0.06435408418824459
44 0.06480416319502358
45 0.0654093243379721
46 0.06615500826518357
47 0.06678765092116115
48 0.06714030057214894
49 0.06731292728733547
50 0.06744269341387447
51 0.06757661432812055
52 0.06770595891162545
53 0.06780381439196179
54 0.06785644408640787
55 0.0678793409575752
56 0.06789215463503787
57 0.06789762810755186
58 0.06789020830531979
59 0.06787025933635751
60 0.06784748811758311
61 0.06783366196194091
62 0.06783366689061245
63 0.06784585457282338
64 0.06786306850076745
65 0.06787996074525578
66 0.06789496253439121
67 0.06790934044023456
68 0.06792411090208066
69 0.06793924402431589
70 0.06795377833103829
71 0.06796684591563502
72 0.06797821436239627
73 0.06798800092836897
74 0.06799622689733434
75 0.06800264630627412
76 0.06800699976165842
77 0.06800923676766749
78 0.068009594512364
79 0.06800851507524552
80 0.06800641821287684
81 0.06800363903543991
82 0.06800042290569429
83 0.06799696055706025
84 0.06799341538426609
85 0.06798991988782553
86 0.06798655736449724
87 0.06798343845275376
88 0.06798046215647591
89 0.06797760649316477
90 0.06797477704046148
91 0.0679719511247172
92 0.06796915086806335
93 0.06796642697869781
94 0.06796381841799702
95 0.06796137827904176
96 0.06795910326015857
97 0.06795696733853
98 0.06795494531114296
99 0.06795300508487125
100 0.06795113187958585
101 0.06794931997195526
102 0.06794755697283442
103 0.06794586013148067
104 0.06794424070058007
105 0.06794270245243551
106 0.06794125330921261
107 0.06793989066085962
108 0.06793860894491453
109 0.06793740802334189
110 0.06793628452878885
111 0.06793523450099695
112 0.06793425356527351
113 0.06793333823681197
114 0.06793248622592486
115 0.06793169593818203
116 0.06793096495243549
117 0.06793029030793837
118 0.0679296690203782
119 0.0679290979042832
120 0.06792857357113377
121 0.06792809280799048
122 0.06792765240299875
123 0.06792725003006386
124 0.0679268821964798
125 0.06792654755603217
126 0.06792624355971319
127 0.06792596724261925
128 0.06792571656965218
129 0.06792548908101782
130 0.06792528275972544
131 0.06792509582983332
132 0.06792492663886927
133 0.06792477344414696
134 0.06792463475844428
135 0.06792450932433831
136 0.06792439608749476
137 0.06792429397451143
138 0.06792420217489471
139 0.06792411962958037
140 0.06792404539501862
141 0.06792397820021896
142 0.06792391702842121
143 0.06792386070920708
144 0.0679238085680363
145 0.06792376052181651
146 0.06792371664941592
147 0.06792367705509751
148 0.06792364170871333
149 0.06792361046073803
150 0.06792358302550151
151 0.0679235591061598
152 0.06792353837269624
153 0.0679235206427761
154 0.06792350542456874
155 0.06792349230870555
156 0.06792348103384063
157 0.06792347140477295
158 0.0679234635088156
159 0.06792345684291784
160 0.0679234514019175
161 0.06792344663719216
162 0.06792344249647968
163 0.06792343895560861
164 0.06792343608882355
165 0.06792343416560787
166 0.06792343305755098
167 0.06792343274710846
168 0.06792343291224931
169 0.06792343321944684
170 0.06792343344857953
171 0.06792343351109519
172 0.06792343343576655
173 0.06792343337964123
174 0.06792343350015605
175 0.06792343375647222
176 0.06792343395227725
177 0.06792343397796634
178 0.06792343390905062
179 0.06792343368035386
180 0.06792343334117078
181 0.06792343303114369
182 0.06792343279430776
183 0.06792343260190072
184 0.0679234324139872
185 0.06792343219447577
186 0.06792343191634559
187 0.06792343157776873
188 0.06792343119200409
189 0.06792343074681439
190 0.0679234302398596
191 0.06792342968819876
192 0.06792342910715056
193 0.06792342850259943
194 0.0679234278748768
195 0.0679234272233641
196 0.06792342654613326
197 0.06792342584565522
198 0.06792342512856092
199 0.06792342440339069
200 0.06792342367958928
201 0.06792342296422382
202 0.06792342226399589
203 0.06792342158354703
204 0.0679234209248074
205 0.06792342028731335
206 0.06792341966984489
207 0.06792341907026964
208 0.06792341848557491
209 0.06792341791260688
210 0.06792341734799694
211 0.06792341678809588
212 0.06792341623095122
213 0.0679234156743951
214 0.06792341511393507
215 0.06792341454628222
216 0.06792341397003054
217 0.0679234133839412
218 0.06792341278795588
219 0.06792341218312289
220 0.06792341157173833
221 0.06792341095772231
222 0.06792341034358372
223 0.06792340972953349
224 0.06792340913591016
225 0.06792340853799904
226 0.06792340795324171
227 0.06792340738459299
228 0.06792340683691715
229 0.06792340631220919
230 0.06792340581680748
231 0.0679234053520314
232 0.06792340492274121
233 0.06792340453398879
234 0.06792340419040778
235 0.0679234038920883
236 0.06792340363424561
237 0.06792340340844798
238 0.06792340320459647
239 0.06792340299558026
240 0.0679234027989761
241 0.06792340261290537
242 0.06792340242494863
243 0.06792340223028602
244 0.0679234020360084
245 0.06792340184459383
