"drag_cd-rfile"
"Iteration" "drag_cd"
("Iteration" "drag_cd")
1 0.2747506733401506
2 0.1559906052107348
3 0.0949067404283935
4 0.07192381961498383
5 0.06957250709398644
6 0.07838402718511066
7 0.09564134881740588
8 0.1098046307854596
9 0.1088322711407092
10 0.09405421390683642
11 0.07865853817654583
12 0.0757516275573448
13 0.06306900126676
14 0.04444021514382333
15 0.03851344303541084
16 0.04314971195719361
17 0.05526043234763714
18 0.07236029796739558
19 0.0912817166042969
20 0.1134308803904836
21 0.1386633852663945
22 0.1551177947172072
23 0.1549335411222995
24 0.1386826478283315
25 0.120681388311135
26 0.09703537769100419
27 0.06427561994941526
28 0.03871778740248387
29 0.03349262378371208
30 0.03960616128802502
31 0.04519131782205293
32 0.04712330342744855
33 0.04683593597510387
34 0.04624466957252179
35 0.0467742289674563
36 0.04884612105861125
37 0.05162419637725706
38 0.05297014436515927
39 0.05052675882625739
40 0.0455372388871455
41 0.0415914006816827
42 0.04167501268109564
43 0.04127096893006668
44 0.0402169381784188
45 0.04062067327049922
46 0.04104349171589394
47 0.04044727897348073
48 0.0394308824424021
49 0.03897642486017741
50 0.03921548441452829
51 0.03973064094324776
52 0.03995289464031553
53 0.03983035241270987
54 0.03954940912719707
55 0.03925089138195115
56 0.0390033143749562
57 0.03881871740094427
58 0.03868608952041411
59 0.03859728073474536
60 0.03855028782379244
61 0.03853476678540368
62 0.03853844763004818
63 0.03855300127875288
64 0.03857113462406272
65 0.03859095979326346
66 0.03861211446608773
67 0.03863046636511317
68 0.03864496653227215
69 0.03865508156616492
70 0.03866144258442544
71 0.03866528453149182
72 0.03866614097434758
73 0.03866494520986984
74 0.03866229444958389
75 0.03865801742654155
76 0.03865236601775438
77 0.03864574553804766
78 0.03863843958065087
79 0.03863076752146738
80 0.03862299914915691
81 0.03861529404727247
82 0.03860782720604169
83 0.03860072443479552
84 0.03859404569465235
85 0.03858780495214608
86 0.03858199960686746
87 0.03857661366395197
88 0.03857160022808305
89 0.03856699337990842
90 0.038562774638059
91 0.03855889808312039
92 0.0385553597130425
93 0.03855214018381775
94 0.0385491994313979
95 0.03854650296296759
96 0.03854403002990112
97 0.03854176608823379
98 0.03853970045531257
99 0.03853782534045404
100 0.03853613096356251
101 0.03853460639267713
102 0.03853324121001481
103 0.03853202424461809
104 0.03853094768485291
105 0.03853000179139937
106 0.0385291766884357
107 0.03852846324216559
108 0.03852785234226061
109 0.03852733475221476
110 0.03852690248214995
111 0.03852654732748438
112 0.03852626101550869
113 0.03852603563330211
114 0.03852586351043975
115 0.03852573789460411
116 0.03852565322733876
117 0.03852560403116947
118 0.0385255895986166
119 0.03852560337932252
120 0.03852564090740843
121 0.03852570200365342
122 0.0385257789674608
123 0.03852586845479574
124 0.03852596740641651
125 0.03852607295456251
126 0.03852618351360675
127 0.03852629849672565
128 0.03852641718558678
129 0.0385265394179806
130 0.03852666471224267
131 0.03852679271254109
132 0.03852692283398596
133 0.03852705430510443
134 0.03852718669056533
135 0.03852731955628939
136 0.03852745009129553
137 0.03852757816231812
138 0.03852770417767652
139 0.03852782781820812
140 0.03852795046187159
141 0.03852807317577733
142 0.03852819630725072
143 0.03852831978554593
144 0.03852844311660236
145 0.03852856524649287
146 0.03852868617312565
147 0.03852880578167335
148 0.03852892397869181
149 0.0385290406785003
150 0.03852915586835172
151 0.038529269545456
152 0.03852938164717591
153 0.03852949211177296
154 0.03852960090751884
155 0.03852970798123096
156 0.03852981326089733
157 0.03852991668214242
158 0.03853001821534852
159 0.03853011782274347
160 0.03853021546304156
161 0.03853031110372345
162 0.03853040472263171
163 0.03853049630436307
164 0.03853058583252496
165 0.03853067328615303
166 0.03853075865801055
167 0.0385308419360564
168 0.03853092311597012
169 0.03853100219451222
170 0.03853107917917944
171 0.0385311540790536
172 0.03853122694086805
173 0.03853129772016086
174 0.03853136642905714
175 0.03853143311264866
176 0.03853149779790745
177 0.03853156051440469
178 0.03853162128872625
179 0.0385316801497597
180 0.03853173712572337
181 0.03853179225263077
182 0.03853184555704756
183 0.03853189709329425
184 0.03853194690789767
185 0.03853199502915099
186 0.03853204149921984
187 0.03853208635475081
188 0.03853212964198802
189 0.03853217139799266
190 0.03853221166421179
191 0.03853225047817651
192 0.03853228788213357
193 0.03853232391159663
194 0.03853235860744405
195 0.03853239200656636
196 0.03853242415022112
197 0.03853245507192021
198 0.03853248481608543
199 0.03853251341935407
200 0.03853254092079295
201 0.03853256735547446
202 0.03853259275924502
203 0.03853261716074114
204 0.03853264059671446
205 0.03853266309783936
206 0.03853268469829806
207 0.03853270543056106
208 0.03853272507093376
209 0.03853274396507485
210 0.03853276192183819
211 0.03853277910450487
212 0.0385327955604456
213 0.03853281139660811
214 0.03853282678649543
215 0.03853284137990553
216 0.0385328555455925
217 0.03853286921384089
218 0.03853288208219947
219 0.03853289453830754
220 0.03853290652903551
221 0.03853291796255635
222 0.03853292898968072
223 0.03853293958644197
224 0.03853294974158834
225 0.0385329594518579
226 0.03853296872531665
227 0.03853297757725677
228 0.03853298603012327
229 0.03853299410642982
230 0.03853300182558796
231 0.03853300920240317
232 0.0385330162558463
233 0.03853302299454597
234 0.03853302943094543
235 0.0385330355757573
236 0.0385330414440322
237 0.03853304704641957
238 0.03853305239658898
239 0.03853305750380813
240 0.0385330623803631
241 0.03853306703426759
242 0.03853307147651323
243 0.0385330757144526
244 0.03853307976270454
245 0.03853308362403772
246 0.03853308730785915
247 0.03853309082230869
248 0.03853309417638082
249 0.03853309737550144
250 0.03853310042967086
251 0.03853310334179467
252 0.03853310612032488
253 0.03853310876961535
254 0.03853311130297655
255 0.03853311371732034
256 0.03853311601774234
257 0.03853311821242302
258 0.0385331203071653
259 0.03853312230477506
260 0.03853312421226517
261 0.03853312603152192
262 0.03853312776828631
263 0.03853312942490718
264 0.03853313100670968
265 0.03853313251455327
266 0.03853313395344531
267 0.03853313531167338
268 0.03853313659404362
269 0.03853313780794463
270 0.03853313895227042
271 0.03853314003863872
272 0.03853314107768735
273 0.03853314207299897
274 0.03853314302885689
275 0.03853314394448239
276 0.03853314482195983
277 0.03853314566055911
278 0.03853314646396755
279 0.03853314723099794
280 0.03853314796452988
281 0.03853314866561298
282 0.03853314933687559
283 0.03853314997691857
284 0.03853315058856378
285 0.03853315116862925
286 0.03853315172434424
287 0.03853315225593789
288 0.03853315276458163
289 0.03853315324959222
290 0.03853315370209617
291 0.03853315412911244
292 0.03853315453494774
293 0.03853315491588094
294 0.03853315527808665
295 0.03853315562145131
296 0.03853315595106908
297 0.03853315626625148
298 0.03853315656901395
299 0.03853315685773525
300 0.03853315713391763
301 0.03853315739612547
302 0.03853315764648665
303 0.0385331578837115
304 0.03853315811013053
305 0.03853315832444314
306 0.03853315852907758
307 0.03853315872290188
308 0.03853315890805663
309 0.03853315908300525
310 0.03853315924979196
311 0.03853315940712556
312 0.03853315955658978
313 0.03853315969686876
314 0.03853315983080319
