"drag_cd-rfile"
"Iteration" "drag_cd"
("Iteration" "drag_cd")
1 0.2727875631987174
2 0.1539690122761212
3 0.0922453932647449
4 0.06855952816615389
5 0.06485999890754385
6 0.07194246315333125
7 0.08853459316544747
8 0.1066167875086259
9 0.1134947238791849
10 0.1040495535854973
11 0.08534743453491929
12 0.07703364184845095
13 0.0700518197703737
14 0.05088735302105384
15 0.04016731644752714
16 0.03919518383472029
17 0.04536324879065047
18 0.05600597229910595
19 0.0676047943070136
20 0.07932524381803151
21 0.09526175385055896
22 0.119247044899448
23 0.1505361759607545
24 0.1747726177184831
25 0.1801070437704656
26 0.1669018990810706
27 0.1359234361604793
28 0.09291166521283541
29 0.05699837704177425
30 0.04157531463900836
31 0.04193962729334504
32 0.04496917400747191
33 0.04555075998296003
34 0.04367214699052716
35 0.04049894004600648
36 0.03722751171868343
37 0.03450304556245867
38 0.03253481993810454
39 0.03124307668304119
40 0.03035689071293639
41 0.02975533960643344
42 0.02944317910336697
43 0.02943220468470345
44 0.02969355931933296
45 0.03013374934227964
46 0.03064653678747019
47 0.03117911729777188
48 0.03167991065831535
49 0.03211915278333583
50 0.03249454788502711
51 0.03281002681281012
52 0.03307817051478448
53 0.03330949738227486
54 0.03350930980615997
55 0.0336810454906838
56 0.03383061148036401
57 0.03396067517656077
58 0.03406888065076549
59 0.03415307940512883
60 0.0342106402139857
61 0.03424348330826575
62 0.03425308345173075
63 0.0342431189801646
64 0.03421743657477884
65 0.03418508466399466
66 0.03414503102251625
67 0.03409957333347283
68 0.03405569328821509
69 0.03401357018987172
70 0.03397428002950961
71 0.03393843849373415
72 0.03390619107865365
73 0.03387777421632576
74 0.03385312415252173
75 0.03383174373885953
76 0.03381334345140852
77 0.03379766355580154
78 0.03378398873925822
79 0.03377192807467231
80 0.03376127240216904
81 0.03375177089993703
82 0.03374325647551687
83 0.03373558957528778
84 0.03372867978091026
85 0.03372243357340968
86 0.03371673590635182
87 0.03371162900225091
88 0.033707051789163
89 0.03370292619417159
90 0.03369921663361892
91 0.03369587203637632
92 0.0336928510157405
93 0.03369011059006897
94 0.03368761667635528
95 0.03368534273609242
96 0.03368326898890733
97 0.03368136548377577
98 0.03367966756611913
99 0.03367813224825474
100 0.03367673075330284
101 0.03367546188974198
102 0.03367431050502648
103 0.03367326681620218
104 0.03367231897538213
105 0.03367145844397833
106 0.03367067756108114
107 0.03366997061298703
108 0.03366933167658109
109 0.03366875397510016
110 0.03366823092647229
111 0.03366775616208686
112 0.03366732479513189
113 0.03366693293874612
114 0.03366657752001389
115 0.03366625560897096
116 0.03366596458717903
117 0.03366570211415726
118 0.03366546552667379
119 0.03366525299921282
120 0.03366506286232941
121 0.03366489305891118
122 0.03366474181874161
123 0.03366460746498978
124 0.03366448837317088
125 0.03366438314094864
126 0.03366429040377916
127 0.03366420878043849
128 0.03366413371364693
129 0.03366407156478682
130 0.03366401778965754
131 0.0336639694941021
132 0.03366392751989444
133 0.03366389085237322
134 0.03366385965665873
135 0.03366383105307615
136 0.03366380728058647
137 0.03366378998985155
138 0.03366377538825913
139 0.03366376209058305
140 0.03366374986797431
141 0.03366373870455328
142 0.03366372885417111
143 0.03366372033614781
144 0.03366371302767494
145 0.03366370671565772
146 0.03366370133760231
147 0.03366369662201375
148 0.03366369228841956
149 0.03366368822915179
150 0.03366368436152579
151 0.03366368063204246
152 0.03366367702322096
153 0.033663673517446
154 0.03366367011039768
155 0.03366366681905653
156 0.03366366363799593
157 0.03366366057157488
158 0.03366365762445142
159 0.03366365479632647
160 0.03366365209279611
161 0.03366364949275037
162 0.03366364698562618
163 0.03366364457414084
164 0.03366364228866218
165 0.0336636401426339
166 0.03366363813698997
167 0.03366363626913643
168 0.03366363454534275
169 0.03366363291506431
170 0.03366363092383695
171 0.03366362892128099
172 0.03366362703816068
173 0.03366362522385744
174 0.03366362355147774
175 0.03366362203256357
176 0.03366362064624941
177 0.03366361938521971
178 0.03366361822967007
179 0.0336636171591309
180 0.033663616163429
181 0.03366361545178818
182 0.03366361452025664
183 0.03366361376165117
184 0.03366361292768364
185 0.03366361223424198
186 0.03366361150472748
187 0.03366361088815503
188 0.03366361025350948
189 0.03366360970810637
190 0.03366360921083524
191 0.03366360872062472
192 0.03366360826765337
193 0.03366360784396466
194 0.03366360745308237
195 0.03366360709008551
196 0.03366360675190857
197 0.03366360644015134
198 0.03366360615450867
199 0.03366360589412466
200 0.03366360565936796
201 0.03366360544924684
202 0.03366360526058856
203 0.03366360509115667
204 0.03366360493583646
205 0.03366360479182096
206 0.0336636046586461
207 0.03366360453650857
208 0.03366360442547166
209 0.03366360432472636
210 0.03366360423597729
211 0.03366360416032235
212 0.033663604095154
213 0.0336636040377024
214 0.03366360398524929
215 0.03366360393590415
216 0.03366360388845495
217 0.03366360384283434
218 0.03366360379906202
219 0.03366360375775107
220 0.03366360371938634
221 0.03366360368416326
222 0.0336636036541746
223 0.03366360362990877
224 0.03366360361085532
225 0.03366360359600763
226 0.03366360358370038
227 0.03366360357140588
228 0.03366360355747218
229 0.03366360354176914
230 0.0336636035250803
231 0.03366360350827401
232 0.0336636034919237
233 0.03366360347621138
234 0.03366360346066166
235 0.03366360344547102
236 0.03366360343226177
237 0.03366360342201205
238 0.03366360341440407
239 0.03366360340875667
240 0.03366360340412845
241 0.03366360339985821
242 0.03366360339512631
243 0.03366360338980819
244 0.0336636033844005
245 0.03366360337932234
246 0.03366360337477205
247 0.03366360337095542
248 0.03366360336796309
249 0.03366360336579263
250 0.03366360336405692
251 0.03366360336246767
252 0.03366360336208757
253 0.03366360336173794
254 0.03366360336121702
255 0.03366360336141559
256 0.03366360336297784
257 0.03366360336557697
258 0.03366360336871118
259 0.033663603372099
260 0.03366360337569955
261 0.03366360337937677
