"drag_cd-rfile"
"Iteration" "drag_cd"
("Iteration" "drag_cd")
1 0.2773901120684126
2 0.1599861750718697
3 0.100716902709835
4 0.07977465694485852
5 0.08093376740681721
6 0.09352125714278546
7 0.1112506649762971
8 0.1143663236026244
9 0.100212543600595
10 0.08058965876289541
11 0.07216196913880868
12 0.06613698157076633
13 0.04651488454329835
14 0.03898649911797937
15 0.04343540041484125
16 0.05756606330259491
17 0.07481150309835616
18 0.09484091433615839
19 0.1173533059162279
20 0.1371861674318363
21 0.1416228679672596
22 0.1295199662315052
23 0.1079151443521631
24 0.08604305757360604
25 0.06563518300428008
26 0.04899299857882482
27 0.0318984833213253
28 0.02481201166117829
29 0.03159576323525226
30 0.04258091261561112
31 0.050535968391763
32 0.05678667367150513
33 0.06405652583991747
34 0.07327840903109098
35 0.0847979557788219
36 0.09419100768301125
37 0.09163520713202085
38 0.07694680537546769
39 0.06044474399789928
40 0.05292258112317658
41 0.04439581566247714
42 0.04054700153786182
43 0.04425050792490627
44 0.05004045506449087
45 0.05588469346292178
46 0.061726720809312
47 0.06661613639984397
48 0.06619076555771967
49 0.05874318786305008
50 0.05023241683348303
51 0.04622004173601579
52 0.04378508720505975
53 0.04481133055843933
54 0.04755878799263654
55 0.04902276664126595
56 0.0492542700608708
57 0.04810855888808126
58 0.04626572858087011
59 0.04492442802610155
60 0.04455201016479342
61 0.04483753428274294
62 0.0452222543075748
63 0.04536456838144768
64 0.04531375433944775
65 0.04522719649580937
66 0.04517102564317343
67 0.04515728220624983
68 0.0451565059866103
69 0.04514349581188525
70 0.04512388979119429
71 0.04510876584544477
72 0.04509887538249457
73 0.04509023929394346
74 0.04507751292726176
75 0.04505909106819234
76 0.04503857434800338
77 0.045020181922532
78 0.04500479999129803
79 0.04499103367927408
80 0.04497691854224895
81 0.04496249427040663
82 0.04494830361624351
83 0.04493493983640209
84 0.0449225724650734
85 0.04491097871932978
86 0.04489997066829463
87 0.04488960523181634
88 0.04488000902191049
89 0.04487144762925412
90 0.04486395191494741
91 0.04485729917446198
92 0.04485129855214656
93 0.04484582519929631
94 0.04484080575942787
95 0.0448361937268099
96 0.04483195094283755
97 0.04482802962058324
98 0.04482437901797397
99 0.04482096709919736
100 0.04481777424654918
101 0.04481478545055884
102 0.04481199306943332
103 0.04480938853416623
104 0.04480696599730094
105 0.04480472317692241
106 0.04480265759953654
107 0.0448007636708239
108 0.04479903550837661
109 0.0447974694720188
110 0.04479606083107916
111 0.04479480053586015
112 0.04479367483886287
113 0.04479267681576491
114 0.04479179605826707
115 0.04479102176925433
116 0.04479034347701225
117 0.04478975243118245
118 0.04478923950441323
119 0.04478879549550915
120 0.04478841152872272
121 0.0447880793323432
122 0.04478779165750613
123 0.04478754232140372
124 0.04478732612002037
125 0.04478713857721747
126 0.04478697612302037
127 0.04478683464439313
128 0.04478670991433977
129 0.04478659974600149
130 0.04478650110414664
131 0.0447864119654842
132 0.04478633149672365
133 0.04478625849493411
134 0.04478619201431169
135 0.04478613153420891
136 0.04478607638592257
137 0.04478602613449372
138 0.04478598045001321
139 0.04478593874333672
140 0.04478590070167977
141 0.04478586599537391
142 0.04478583428538077
143 0.04478580528737824
144 0.04478577840548982
145 0.0447857532743895
146 0.04478572950221758
147 0.04478570667066703
148 0.04478568441515358
149 0.04478566251671843
150 0.04478564068397286
151 0.04478561895361779
152 0.04478559741360769
153 0.04478557618491162
154 0.04478555558488839
155 0.04478553571890524
156 0.04478551690756539
157 0.04478549938206269
158 0.04478548333741922
159 0.04478546893659952
160 0.04478545636759623
161 0.04478544572734231
162 0.04478543675551764
163 0.04478542959218545
164 0.04478542414180019
165 0.04478542010462339
166 0.04478541728320622
167 0.04478541559597397
168 0.04478541486526558
169 0.04478541487899991
170 0.04478541548620731
171 0.04478541651625387
172 0.04478541785224849
173 0.0447854193663359
174 0.04478542092459476
175 0.04478542244775463
176 0.04478542384427472
177 0.04478542510259225
178 0.04478542618761697
179 0.04478542703779867
180 0.04478542765418639
181 0.04478542805113148
182 0.04478542821545237
183 0.04478542812431378
184 0.04478542783808085
185 0.04478542732127941
186 0.04478542655317463
187 0.04478542562911264
188 0.04478542447903813
189 0.04478542326150942
190 0.04478542194044625
191 0.0447854205777219
192 0.04478541915918858
193 0.04478541767803011
194 0.04478541614545337
195 0.0447854145922241
196 0.04478541301161471
197 0.04478541146127985
198 0.04478540989323206
199 0.04478540836836917
200 0.04478540682051625
201 0.04478540535040241
202 0.04478540387898744
203 0.04478540246375778
204 0.04478540107541532
205 0.04478539975153625
206 0.04478539844586213
207 0.04478539722912258
208 0.04478539605139486
209 0.04478539489427956
210 0.04478539381340297
211 0.04478539274614571
212 0.04478539175964328
213 0.0447853908073553
214 0.04478538990372206
215 0.04478538905197075
216 0.04478538823196754
217 0.0447853874650506
218 0.04478538672631611
219 0.04478538603371576
220 0.04478538535763379
221 0.04478538470822597
222 0.04478538411646873
223 0.04478538354102626
224 0.04478538300519745
225 0.04478538248403331
226 0.04478538197621849
227 0.04478538148532317
228 0.04478538102924775
229 0.04478538060482249
230 0.04478538020378117
231 0.04478537982438104
232 0.04478537946493305
233 0.04478537912350654
234 0.04478537880006699
235 0.04478537848669046
236 0.04478537819064815
237 0.0447853779126486
238 0.04478537764772744
239 0.04478537739551703
240 0.04478537715563637
241 0.04478537692710741
242 0.04478537670951281
243 0.04478537650135653
244 0.04478537630279064
245 0.04478537612286893
246 0.04478537594336363
247 0.04478537575787539
248 0.04478537557731454
249 0.04478537540156786
250 0.04478537522885231
251 0.04478537506023469
252 0.04478537489652464
253 0.04478537473870875
254 0.04478537458729363
255 0.04478537443202499
256 0.04478537430232151
257 0.04478537418440649
258 0.04478537406217297
259 0.04478537394877577
260 0.04478537384364463
261 0.04478537374406257
262 0.04478537363582494
263 0.04478537353289497
264 0.04478537344749896
265 0.0447853733658522
266 0.04478537329044474
267 0.0447853732222024
268 0.04478537315996104
269 0.04478537310314097
270 0.04478537305204677
271 0.04478537300365099
272 0.04478537296139107
273 0.04478537292389079
274 0.04478537288886986
275 0.04478537285489036
276 0.04478537282058379
277 0.0447853727847761
278 0.04478537274684654
279 0.04478537270675369
280 0.04478537266509677
281 0.04478537262283761
282 0.0447853725811572
283 0.04478537254107064
284 0.04478537250324818
285 0.04478537246806136
286 0.04478537243148439
287 0.04478537239840194
288 0.04478537237184459
289 0.04478537234683808
290 0.04478537232185407
291 0.04478537229679078
292 0.04478537227102786
293 0.04478537224470027
294 0.04478537221820496
295 0.04478537219160954
296 0.04478537216498948
297 0.04478537213885159
298 0.04478537211361801
299 0.0447853720894911
300 0.04478537206634854
301 0.04478537204404964
302 0.04478537202283457
303 0.04478537200256551
304 0.04478537198216486
305 0.04478537195991035
306 0.04478537193528417
307 0.04478537190801092
308 0.04478537187617699
309 0.04478537184222112
310 0.04478537181658367
311 0.04478537178972591
312 0.04478537175895068
313 0.04478537173129599
314 0.04478537170911756
315 0.04478537169204733
316 0.04478537167960744
317 0.04478537167100116
318 0.04478537166585229
319 0.04478537166319056
320 0.0447853716611061
321 0.04478537165898679
322 0.04478537165759033
323 0.04478537165769528
324 0.04478537165997361
325 0.04478537166480195
326 0.04478537167234047
327 0.04478537168243463
328 0.04478537169459611
329 0.04478537170790662
330 0.04478537172177473
331 0.04478537173561911
332 0.04478537174860422
333 0.04478537175987135
334 0.04478537176828957
335 0.0447853717729001
336 0.04478537177314844
337 0.04478537176904819
338 0.04478537176119472
339 0.04478537175061805
340 0.04478537173856528
341 0.04478537172591408
342 0.04478537171279135
343 0.04478537169953235
344 0.0447853716865951
345 0.04478537167415095
346 0.04478537166219537
347 0.04478537165052228
348 0.04478537163870693
349 0.04478537162634167
350 0.04478537161311642
351 0.04478537159910684
352 0.04478537158452359
353 0.04478537156964833
354 0.04478537155486045
355 0.04478537154103248
356 0.04478537152877029
357 0.04478537151762842
358 0.04478537150934824
359 0.04478537149870788
360 0.04478537148689583
361 0.04478537147841533
362 0.04478537147126799
363 0.04478537146266295
364 0.04478537145166779
365 0.04478537143803252
366 0.04478537142253883
367 0.04478537140653174
368 0.04478537139107486
369 0.044785371377262
370 0.04478537136634436
371 0.04478537135967787
372 0.04478537135709356
373 0.04478537135691088
374 0.04478537135856449
375 0.04478537136198325
376 0.04478537135840741
377 0.04478537136002594
378 0.04478537136825907
379 0.04478537137825087
380 0.04478537138871268
381 0.0447853713994786
382 0.04478537141097425
383 0.04478537142346397
384 0.04478537143742108
385 0.04478537145338442
386 0.04478537147114242
387 0.04478537148976734
388 0.0447853715087666
389 0.0447853715275087
390 0.04478537154090866
391 0.0447853715529157
392 0.04478537156215764
393 0.04478537156691931
394 0.04478537156644889
395 0.04478537156047282
396 0.04478537154986906
397 0.04478537153631673
398 0.04478537152152304
399 0.04478537150685912
400 0.04478537149322552
401 0.04478537148107712
402 0.04478537147035305
403 0.04478537146060436
404 0.04478537145137061
405 0.04478537144215442
406 0.04478537143243638
407 0.04478537142191165
408 0.04478537141092774
409 0.04478537139981839
410 0.04478537138838073
411 0.04478537137603103
412 0.04478537136264174
413 0.04478537135276046
414 0.04478537134550611
415 0.04478537134086433
416 0.04478537133827337
417 0.04478537133710569
418 0.04478537133645893
419 0.04478537133591429
420 0.04478537133494291
421 0.044785371332615
422 0.04478537132818031
423 0.04478537132276427
424 0.04478537131687661
425 0.04478537131055885
426 0.04478537130318112
427 0.04478537129586537
428 0.04478537129035097
429 0.04478537128784447
430 0.04478537128892582
431 0.04478537129340919
432 0.04478537130071795
433 0.04478537131008647
434 0.04478537132070519
435 0.04478537133188351
436 0.04478537134311921
437 0.04478537135413262
438 0.04478537136483204
439 0.04478537137534285
440 0.04478537138585834
441 0.04478537139666867
442 0.04478537140799647
