"drag_cd-rfile"
"Iteration" "drag_cd"
("Iteration" "drag_cd")
1 0.2639968150952576
2 0.1420939201576568
3 0.07370545093529002
4 0.04525909290023417
5 0.03844653293620344
6 0.03530642547475337
7 0.03855373673517775
8 0.03855182964176611
9 0.04118012059384359
10 0.04401005586747882
11 0.04855455738084465
12 0.05630171925786463
13 0.06901450589890656
14 0.08741108248381568
15 0.1035654534029844
16 0.1049184672576353
17 0.08822075172927092
18 0.06178468144359592
19 0.04575699747859381
20 0.03366914693275929
21 0.02901924080491362
22 0.02810519111139375
23 0.02859758981895703
24 0.02933313981185598
25 0.03037071537280843
26 0.03179323872151825
27 0.03370696933845551
28 0.03622581277667226
29 0.03968259482453389
30 0.04450125822501521
31 0.05142165224723524
32 0.06125492593539471
33 0.07233237169175079
34 0.07755300670945031
35 0.07133382211914499
36 0.05881962329915064
37 0.05018826284597275
38 0.04369000968155209
39 0.03367968536700573
40 0.02895891750048425
41 0.02813312386185792
42 0.02764898748764442
43 0.02652315399669928
44 0.02518230044307212
45 0.02385080706606466
46 0.02261816297135558
47 0.02151845312045544
48 0.0205427509287782
49 0.01971917050329974
50 0.01904074039170913
51 0.01851245529578635
52 0.01810953205189391
53 0.01782311062762418
54 0.01762892625087096
55 0.01750836912203264
56 0.01744420755031412
57 0.01742067349555313
58 0.01742670183488576
59 0.01745218778317712
60 0.01748906016869393
61 0.01753207586400444
62 0.01757672783202686
63 0.01761991123464077
64 0.01765994861325161
65 0.01769577391636964
66 0.01772694072451431
67 0.01775354686094835
68 0.01777583144540253
69 0.01779423981654336
70 0.01780929399160106
71 0.01782182506308993
72 0.01783150966982099
73 0.01783954043228575
74 0.01784608280601771
75 0.01785115594969558
76 0.01785537327161007
77 0.01785877405360125
78 0.01786165811020292
79 0.01786407135183157
80 0.01786615155654292
81 0.01786794151003276
82 0.01786950878121969
83 0.0178708943219139
84 0.01787213439103443
85 0.01787325832575176
86 0.01787428354479718
87 0.01787523403920219
88 0.01787611938090667
89 0.0178769477663817
90 0.01787773142867629
91 0.01787847399030602
92 0.01787917833392654
93 0.01787984732667213
94 0.01788048069522766
95 0.01788107788194469
96 0.01788163963529789
97 0.0178821659904146
98 0.01788265790072462
99 0.017883115472402
100 0.01788354035169122
101 0.01788393410707518
102 0.01788429909699205
103 0.01788463756921498
104 0.01788495143035741
105 0.01788524256783948
106 0.01788551238829249
107 0.01788576217006516
108 0.01788599305738483
109 0.01788620603960602
110 0.01788640196128841
111 0.01788658159201176
112 0.01788674559127116
113 0.0178868946464083
114 0.01788702946924327
115 0.01788715086895325
116 0.01788725971841556
117 0.01788735665663947
118 0.01788744254057694
119 0.01788751839919779
120 0.01788758516428432
121 0.01788764372407153
122 0.01788769497649092
123 0.01788773961920137
124 0.0178877784317786
125 0.01788781207444884
126 0.01788784119077534
127 0.01788786633843551
128 0.01788788800753585
129 0.01788790923886452
130 0.01788792896726284
131 0.01788794370454815
132 0.01788795668025805
133 0.01788796701276579
134 0.01788797629715639
135 0.01788798450319946
136 0.01788799196639949
137 0.01788799846385733
138 0.01788800392854596
139 0.01788800828951487
140 0.01788801154208199
141 0.01788801375355373
142 0.01788801499756184
143 0.0178880153878523
144 0.01788801502934481
145 0.01788801403968465
146 0.01788801253127027
147 0.01788801062164736
148 0.01788800841612188
149 0.01788800600784006
150 0.01788800347765512
151 0.01788800090741722
152 0.01788799832508627
153 0.0178879957674512
154 0.01788799326901529
155 0.0178879908500851
156 0.01788798853152188
157 0.01788798632152396
158 0.01788798422277418
159 0.0178879822366938
160 0.01788798036187515
161 0.01788797859699852
