"drag_cd-rfile"
"Iteration" "drag_cd"
("Iteration" "drag_cd")
1 0.2693556093421817
2 0.1491691877498895
3 0.08573291950846446
4 0.05960361691637062
5 0.05152830945680086
6 0.05188327321313686
7 0.05944897155202591
8 0.074602098846621
9 0.0981248902485455
10 0.1175726679741897
11 0.1211950946447033
12 0.1045946451639305
13 0.0873829680311725
14 0.08338011302867451
15 0.07198788255353199
16 0.05206332955540445
17 0.03990132805007288
18 0.03676277276669455
19 0.04151184627108678
20 0.05101636298259182
21 0.06336841056538781
22 0.0812362759445717
23 0.1101807276087499
24 0.1495176068674803
25 0.174201246328559
26 0.1637986697333098
27 0.1320237591010311
28 0.1067578806763349
29 0.09457127399760974
30 0.07146714940136376
31 0.04534949365322227
32 0.03538386703433551
33 0.03633835694772637
34 0.03905506723234665
35 0.0387046480514707
36 0.03631727004493696
37 0.03318786199299577
38 0.03021201509707375
39 0.02774246534899735
40 0.02600796761364734
41 0.02488502168487659
42 0.0242504273478785
43 0.0239159462822943
44 0.02376037084550501
45 0.02370498104154933
46 0.02371215834653173
47 0.02376291435633383
48 0.02384297122879769
49 0.02394639969092039
50 0.02406601340375903
51 0.02419103771689
52 0.02432648549968506
53 0.02446858354250029
54 0.02460446777859109
55 0.02473460537195286
56 0.02485450486181668
57 0.02496327401473994
58 0.02505910947452371
59 0.02514173980557672
60 0.02521153444125516
61 0.02526887826715305
62 0.02531519425184712
63 0.02535147246369835
64 0.02537916268699348
65 0.02539960765939643
66 0.02541415264918017
67 0.02542399747565895
68 0.02543019584275985
69 0.02543365096343217
70 0.02543498796151428
71 0.02543475549482372
72 0.02543341030652073
73 0.02543213118428816
74 0.02542952045054022
75 0.02542641477260084
76 0.0254233800915305
77 0.02542023297153073
78 0.02541722782064221
79 0.02541424911278607
80 0.02541146567172602
81 0.02540870460146628
82 0.02540616052884881
83 0.02540379964354511
84 0.0254015807747769
85 0.02539951684679363
86 0.02539758565707274
87 0.02539580403869849
88 0.02539415919388413
89 0.02539268986159903
90 0.02539116693216549
91 0.02538991394199337
92 0.02538881213461103
93 0.02538773711895397
94 0.02538677499131325
95 0.02538587903669748
96 0.0253850626016279
97 0.02538437365514727
98 0.02538368354778455
99 0.02538303450975793
100 0.0253824686058999
101 0.02538194797564834
102 0.02538148466211709
103 0.02538106508714894
104 0.02538069078775158
105 0.02538035149305462
106 0.02538004187217469
107 0.02537975636099052
108 0.02537949137822717
109 0.02537924563962887
110 0.02537901735359039
111 0.02537880646342851
112 0.02537861239340095
113 0.02537843469523229
114 0.02537827262044225
115 0.02537812107371718
116 0.02537797469234725
117 0.02537783201153862
118 0.02537769294217854
119 0.02537755771591989
120 0.02537742669493003
121 0.02537730024257883
122 0.02537717843032374
123 0.02537706132839394
124 0.02537694891269796
125 0.02537684144601732
126 0.025376739572357
127 0.02537664372061945
128 0.02537655411650035
129 0.02537647079975682
130 0.02537639369888839
131 0.02537632264912974
132 0.02537625740418792
133 0.0253761976646136
134 0.02537614309239342
135 0.02537609233970087
136 0.0253760466586094
137 0.02537600608070699
138 0.02537596858274447
139 0.02537593482736464
140 0.02537590455273991
141 0.02537587707716036
142 0.02537585147294979
143 0.025375828754762
144 0.02537580813068271
145 0.02537578986660578
146 0.02537577364132252
147 0.02537575942290367
148 0.02537574694095854
149 0.02537573599120335
150 0.02537572631946708
151 0.0253757178216515
152 0.02537571040128412
153 0.02537570390806894
154 0.02537569825384188
155 0.02537569332334358
156 0.02537568945895885
157 0.02537568585524686
158 0.02537568268873786
159 0.02537567990659301
160 0.02537567748272008
161 0.02537567536810476
162 0.02537567355011572
163 0.02537567216968359
164 0.02537567101250011
165 0.02537567007575301
166 0.02537566931304182
167 0.02537566871782311
168 0.02537566825410745
169 0.02537566791151027
170 0.0253756673000211
171 0.02537566676184603
172 0.02537566637838979
173 0.02537566612266183
174 0.02537566599394969
175 0.02537566593336278
176 0.02537566592570365
177 0.02537566594617718
178 0.0253756659907024
179 0.02537566605081791
180 0.02537566612108953
181 0.02537566619736761
182 0.02537566627193077
183 0.0253756663409665
184 0.02537566640256587
185 0.02537566645710493
186 0.0253756664994718
187 0.02537566653167258
188 0.02537566655125599
189 0.02537566656112284
190 0.02537566655946088
191 0.0253756665493106
192 0.02537566652932475
193 0.02537566650228556
194 0.02537566646642088
195 0.02537566642430062
196 0.02537566637422504
197 0.02537566631896291
198 0.02537566625817485
199 0.02537566619623775
200 0.02537566613198433
201 0.02537566606880236
202 0.02537566600558966
203 0.02537566594663901
204 0.0253756658913257
205 0.02537566584319615
206 0.02537566580094932
207 0.0253756657666048
208 0.0253756657376481
209 0.02537566571579114
210 0.02537566569795176
211 0.0253756655865443
212 0.02537566549119694
213 0.02537566543274513
214 0.02537566538913846
215 0.02537566536637429
216 0.02537566534979569
217 0.02537566534309606
218 0.02537566533810756
219 0.02537566533823001
220 0.02537566533828995
221 0.02537566534092737
222 0.02537566534282084
223 0.02537566534647258
224 0.02537566534920468
225 0.02537566535374121
226 0.0253756653574613
227 0.02537566536316249
