"drag_cd-rfile"
"Iteration" "drag_cd"
("Iteration" "drag_cd")
1 0.2808217960176337
2 0.1643939641335339
3 0.1065534485495999
4 0.08639299641797299
5 0.089037615127706
6 0.1006192465467577
7 0.108024093573239
8 0.09928740383968807
9 0.08048979136306617
10 0.06760768051360699
11 0.06580493093528481
12 0.05462856568401437
13 0.04092044800017137
14 0.04260065802038223
15 0.05591872979729844
16 0.07633873730487256
17 0.09528978662834851
18 0.1100410782164158
19 0.1146536139841393
20 0.105437789007384
21 0.09053813238370662
22 0.06955115223657955
23 0.05251133952581377
24 0.03888826476939862
25 0.03430849357423031
26 0.04359238877933672
27 0.06343301219574581
28 0.08447714101548714
29 0.09914645430031047
30 0.1049505023322574
31 0.1012040395276858
32 0.08942306114995147
33 0.07254993958332812
34 0.05488720276993178
35 0.04257502988432053
36 0.03948764386997699
37 0.04242847261079467
38 0.0460457557632951
39 0.04834785164939059
40 0.04929240891343688
41 0.04913789636436365
42 0.04811125181570532
43 0.04659496049415997
44 0.04539952187655174
45 0.04509968102383201
46 0.04554566237669209
47 0.04648942571224438
48 0.04746527012560691
49 0.0480574692158431
50 0.04839229689362733
51 0.04876571678377475
52 0.0492015716667353
53 0.04958843303727448
54 0.04984915850414896
55 0.04998424819139427
56 0.05008162234659143
57 0.05021342406722024
58 0.05037527802135795
59 0.05053679725774719
60 0.0506892722588279
61 0.0508421933156854
62 0.05100838165781326
63 0.05118943503196275
64 0.05137439132703904
65 0.05155068156716429
66 0.05171116195072197
67 0.05185413493598551
68 0.05197985931575912
69 0.05208898723896106
70 0.05217956952028449
71 0.05225335725509415
72 0.05231164391732382
73 0.05235623904217705
74 0.05238915651303104
75 0.05241224529146407
76 0.05242701755427895
77 0.05243495406725017
78 0.05243760381432541
79 0.05243644167710614
80 0.05243272567864844
81 0.05242733443808524
82 0.05242069878463433
83 0.05241327812319081
84 0.05240542984870496
85 0.0523974297063857
86 0.05238951827320934
87 0.05238191276066744
88 0.05237475372159923
89 0.05236815823146079
90 0.05236218886539087
91 0.05235686625380372
92 0.05235216660780465
93 0.05234803202319253
94 0.05234438639174827
95 0.05234115047266846
96 0.05233825179244632
97 0.05233562742545762
98 0.05233322121881316
99 0.05233098693229992
100 0.05232888983460887
101 0.05232690225175922
102 0.05232500779026425
103 0.05232319736946784
104 0.05232146650099288
105 0.05231981482560945
106 0.05231823997392117
107 0.05231674248602503
108 0.05231532223359832
109 0.05231398026983228
110 0.05231271335489299
111 0.05231151885206593
112 0.05231039827344364
113 0.05230935078933307
114 0.05230837321843536
115 0.05230746323943226
116 0.05230661792659426
117 0.05230583451761685
118 0.05230510959964541
119 0.05230444065664033
120 0.05230382492621109
121 0.05230325917936073
122 0.05230274064696417
123 0.05230226726678336
124 0.05230183367306298
125 0.05230143618586995
126 0.05230107356929425
127 0.05230074427922735
128 0.05230044396160172
129 0.05230017077532164
130 0.05229992466194394
131 0.0522997041470209
132 0.0522995076060062
133 0.05229933325301347
134 0.05229917876001293
135 0.05229904129147435
136 0.05229891890564464
137 0.05229881017195615
138 0.05229871341170007
139 0.05229862736146781
140 0.05229855084745193
141 0.05229848274923875
142 0.05229842206042293
143 0.05229836804306112
144 0.05229832001562153
145 0.05229827730382242
146 0.05229823937624929
147 0.0522982056420765
148 0.05229817562031337
149 0.05229814897811404
150 0.05229812536717367
151 0.05229810442752413
152 0.05229808585949407
153 0.05229806936053839
154 0.05229805464617694
155 0.05229804092500179
156 0.05229802816307927
157 0.05229801652830254
158 0.05229800578092499
159 0.05229799586447515
160 0.05229798675976008
161 0.05229797837148702
162 0.05229797063594973
163 0.0522979635005717
164 0.05229795689562364
165 0.05229795076539976
166 0.05229794507831682
167 0.05229793976648559
168 0.05229793479448498
169 0.05229793012166854
170 0.05229792572858203
171 0.05229792160743484
172 0.05229791772239139
173 0.05229791407828537
174 0.0522979106614893
175 0.05229790745880584
176 0.05229790445677168
177 0.05229790164836413
178 0.05229789900264528
179 0.05229789650175141
180 0.05229789413688568
181 0.05229789190396131
182 0.05229788980217338
183 0.05229788782946381
184 0.05229788597797581
185 0.05229788424400975
186 0.05229788261790497
187 0.05229788108499261
188 0.05229787964328834
189 0.05229787828923733
190 0.05229787699727702
191 0.05229787574127087
192 0.05229787452142882
193 0.05229787335633401
194 0.05229787225865065
195 0.05229787122792209
196 0.05229787026874009
197 0.05229786935876871
198 0.0522978685003168
199 0.05229786770650671
200 0.05229786697875077
201 0.05229786630295901
202 0.05229786566804309
203 0.05229786505932243
204 0.05229786446782473
205 0.0522978638937224
206 0.05229786334407367
207 0.05229786282399931
208 0.05229786233318957
209 0.05229786187150581
210 0.05229786143426415
211 0.05229786102337483
212 0.05229786062080603
213 0.05229786022290606
214 0.05229785983153617
215 0.05229785944732922
216 0.05229785906936116
217 0.05229785869549505
218 0.05229785831022261
219 0.05229785792545702
220 0.05229785752945733
221 0.0522978571079405
222 0.05229785666220507
223 0.05229785617903078
224 0.05229785564993784
225 0.05229785507535969
226 0.05229785444475048
227 0.05229785375872749
228 0.05229785302659359
229 0.05229785226227056
230 0.05229785148521824
231 0.05229785071840581
232 0.05229784998214284
233 0.05229784929751181
234 0.05229784867724813
235 0.05229784813988449
236 0.05229784768669735
237 0.05229784730787821
238 0.0522978470013061
239 0.05229784676902988
240 0.05229784652256535
241 0.05229784633427696
242 0.05229784615677908
243 0.05229784597936847
244 0.05229784580805812
245 0.05229784564055642
246 0.05229784547432391
247 0.05229784531127091
248 0.05229784515118033
249 0.05229784499572553
250 0.05229784484461457
251 0.0522978446968007
252 0.05229784455388147
253 0.05229784441653722
254 0.05229784428326725
255 0.05229784415525673
256 0.05229784403305741
257 0.05229784391789947
258 0.0522978438103753
259 0.05229784371186251
260 0.05229784362298004
261 0.05229784354308566
262 0.05229784346902167
263 0.05229784339568883
264 0.0522978433183049
265 0.05229784323332015
266 0.05229784313779938
267 0.05229784303210688
268 0.05229784291837987
269 0.05229784280160014
270 0.05229784268787155
271 0.05229784258045767
272 0.05229784248247056
273 0.05229784240281393
274 0.05229784234654757
275 0.05229784231675443
276 0.0522978423130684
277 0.05229784233110295
278 0.05229784236469248
279 0.05229784241453633
280 0.05229784246829091
281 0.05229784251766935
282 0.0522978425598148
283 0.05229784259598064
284 0.05229784263474221
285 0.05229784268113471
286 0.05229784273604507
287 0.05229784280038171
288 0.0522978428685729
289 0.05229784293144601
290 0.05229784296582857
291 0.05229784295846798
292 0.05229784290604565
293 0.05229784279711479
294 0.05229784262633052
295 0.05229784239363108
296 0.05229784210242397
297 0.05229784176591323
298 0.05229784140196906
299 0.05229784103239506
300 0.0522978406783608
301 0.05229784035962383
302 0.05229784009217428
303 0.052297839889277
