"drag_cd-rfile"
"Iteration" "drag_cd"
("Iteration" "drag_cd")
1 0.2714140389928255
2 0.1518504726743571
3 0.08888524913181801
4 0.06374725528680798
5 0.05785945747108443
6 0.06224973043984212
7 0.07563043267250837
8 0.09784036660285686
9 0.123141400660955
10 0.1381944458967273
11 0.1318757436957466
12 0.1123655254880022
13 0.09998746009839588
14 0.09482093298943993
15 0.07348143288732689
16 0.05162756403293531
17 0.04170495445044062
18 0.04107874648181303
19 0.04702631735829711
20 0.05304697689141202
21 0.05960361828992975
22 0.06687294549999598
23 0.07525602874440303
24 0.08503132973519192
25 0.0955749632258316
26 0.1073018326231108
27 0.1186857726733647
28 0.1297660318573617
29 0.1372825574849154
30 0.1390636483976166
31 0.1284878525237996
32 0.1017365029604345
33 0.06947593847273478
34 0.04853112981910869
35 0.04249148591004161
36 0.04345772641260807
37 0.04395219714829677
38 0.04239759868178354
39 0.03940640971343445
40 0.03604224927533323
41 0.03296122177825761
42 0.03043107634383516
43 0.0286377901195579
44 0.02750147863086732
45 0.02689190529416353
46 0.02665003656483467
47 0.02667683584770185
48 0.02686754631668045
49 0.02715739463878479
50 0.02749438409301296
51 0.02784711896485501
52 0.02819619333845827
53 0.02852446643773429
54 0.02882289748363952
55 0.02908829807505425
56 0.02931876577461518
57 0.02951492202718674
58 0.02968257144066463
59 0.02982501679711048
60 0.02994372455921187
61 0.03004198770312956
62 0.03012353662098602
63 0.03018990828345427
64 0.03024163544635673
65 0.03028066032273418
66 0.03030788106120726
67 0.03032448964779397
68 0.03033283927568045
69 0.03033441086603193
70 0.03033080245874966
71 0.03032355992889332
72 0.03031398648509328
73 0.03030325093373326
74 0.03029193139618554
75 0.03028056023251678
76 0.03026951619879628
77 0.03025873596644398
78 0.03024893256883026
79 0.03024008353308737
80 0.03023194063514609
81 0.03022464555842076
82 0.03021812854796093
83 0.03021236115876022
84 0.03020725331172535
85 0.03020274388965419
86 0.03019877069045498
87 0.03019526687195842
88 0.03019217897764263
89 0.03018945730170232
90 0.03018705769527119
91 0.03018493417150165
92 0.0301830481172251
93 0.03018136413519961
94 0.03017984943954211
95 0.03017847516017309
96 0.03017726182655073
97 0.03017611628204067
98 0.03017503986822278
99 0.03017404059381535
100 0.03017305890535359
101 0.0301721645296796
102 0.03017133360636165
103 0.03017054206008749
104 0.03016980043991941
105 0.03016909798777573
106 0.03016843379856212
107 0.03016780341598061
108 0.0301672071905876
109 0.03016664531395762
110 0.03016611868543883
111 0.03016562715672991
112 0.03016516839272636
113 0.03016473974624609
114 0.0301643387388289
115 0.03016396364109375
116 0.03016361263208792
117 0.03016328451339696
118 0.03016297800141667
119 0.03016269178144826
120 0.03016242498792091
121 0.03016217694771468
122 0.03016194700147553
123 0.03016173421762219
124 0.03016153760421427
125 0.03016135617237229
126 0.03016119072755205
127 0.03016103741088578
128 0.03016089682379187
129 0.03016076748973525
130 0.03016064878682655
131 0.03016054010050875
132 0.03016044012033892
133 0.03016034601085498
134 0.03016025782047769
135 0.03016017708285336
136 0.03016010473883939
137 0.03016004140520574
138 0.03015998765340683
139 0.03015994160085653
140 0.03015989940576088
141 0.030159859664553
142 0.03015982175048404
143 0.03015978557674542
144 0.03015975148366639
145 0.03015972087686429
146 0.0301596975158372
147 0.03015967979073699
148 0.03015966423868834
149 0.03015965108668055
150 0.03015963943886623
151 0.03015962920422499
152 0.03015962002097066
153 0.03015961168865499
154 0.03015960396429718
155 0.03015959684700741
156 0.03015959032336494
157 0.03015958444982217
158 0.03015957890859577
159 0.03015957391723891
160 0.03015956850706796
161 0.03015956345895189
162 0.03015955997931798
163 0.03015955826461267
164 0.03015955793964743
165 0.03015955851968722
166 0.03015955958600978
167 0.03015956087332814
168 0.03015956222983855
169 0.03015956357329435
170 0.03015956487078656
171 0.03015956610527743
172 0.03015956727093782
173 0.03015956836247644
174 0.03015956938079139
175 0.03015957033305554
176 0.03015957122601846
177 0.03015957211418022
178 0.03015957289904754
179 0.0301595736508977
180 0.03015957434879178
181 0.03015957500471384
182 0.03015957561179886
183 0.03015957616694978
184 0.03015957667325475
185 0.03015957717490982
186 0.03015957748633087
187 0.03015957785973259
188 0.03015957819482608
189 0.03015957851365446
190 0.03015957879632245
191 0.03015957904346868
192 0.03015957925526079
193 0.03015957942103544
194 0.03015957954492749
195 0.03015957962821212
196 0.03015957966257566
197 0.03015957964539728
198 0.03015957958111944
199 0.03015957947262896
200 0.03015957929122116
201 0.03015957902227406
202 0.03015957957477367
203 0.03015957958239438
204 0.03015957933996061
205 0.03015957889793835
206 0.03015957841992318
207 0.03015957790853301
208 0.03015957735352426
209 0.03015957676324505
210 0.03015957615978345
211 0.03015957507824338
212 0.03015957375216118
213 0.03015957231271004
214 0.03015957074086466
215 0.03015956921318939
216 0.03015956784909284
217 0.03015956668772991
218 0.03015956634907755
219 0.03015956597053954
220 0.03015956548991741
221 0.03015956485017872
222 0.03015956424928752
223 0.03015956372457712
224 0.0301595632912058
225 0.03015956295438547
226 0.03015956271366279
227 0.03015956255525837
228 0.03015956247374792
229 0.03015956245484689
230 0.03015956248687272
231 0.0301595625558278
232 0.03015956264972345
233 0.03015956275621288
234 0.03015956286659039
235 0.03015956297186614
236 0.03015956306734253
237 0.03015956314763612
238 0.03015956321145199
239 0.03015956325638058
240 0.03015956328374782
241 0.03015956329319926
242 0.03015956328765621
243 0.03015956326804858
244 0.03015956323818408
245 0.03015956319948579
246 0.03015956315592659
247 0.03015956310888958
248 0.03015956306207872
249 0.03015956301647408
250 0.03015956297526446
