"drag_cd-rfile"
"Iteration" "drag_cd"
("Iteration" "drag_cd")
1 0.2625330439625074
2 0.1418551178973577
3 0.07622182316576596
4 0.04669454324121596
5 0.03454303536129222
6 0.02973533928750016
7 0.03028002527109475
8 0.03387917196489863
9 0.03924775407576168
10 0.04711283174543151
11 0.05898807622948989
12 0.07277267577551016
13 0.07940488642704611
14 0.07292312069430656
15 0.06070328638236226
16 0.0571394874873376
17 0.05202460585088665
18 0.04906104199481359
19 0.05027277704460972
20 0.05511952654570985
21 0.06234945010775431
22 0.07284491422078448
23 0.09021369385768148
24 0.1209974707534026
25 0.1665117262509464
26 0.2072099373021223
27 0.2111826652905983
28 0.1813588391878197
29 0.1405414413358011
30 0.1172470509781069
31 0.1034266818616551
32 0.072343015128911
33 0.04747508783151133
34 0.03533323368594627
35 0.03274157948127221
36 0.03159726672710977
37 0.02954624592968073
38 0.02693691055837033
39 0.02445432675226705
40 0.02238145723310875
41 0.02068981509758256
42 0.01930994981279156
43 0.01817204651048413
44 0.01726630667076515
45 0.01652124228172682
46 0.01593266040962479
47 0.01547787855277469
48 0.01514101408703187
49 0.01489940682866847
50 0.01473485304529389
51 0.01463151494919826
52 0.01457530965264681
53 0.01455542676627085
54 0.01456239183389487
55 0.01458343787258471
56 0.01462061530778077
57 0.01467168098398982
58 0.01472261225035811
59 0.01477518676357194
60 0.01482333603820799
61 0.01486897405683188
62 0.01490990293371266
63 0.01494672654529586
64 0.01497894566571723
65 0.01500698436624666
66 0.01503122930349779
67 0.01505192493815558
68 0.01506961854160156
69 0.01508461313646977
70 0.01509733687325097
71 0.01510809449905754
72 0.01511722938437858
73 0.01512501287609983
74 0.01513166377273788
75 0.01513736980736814
76 0.01514227201488787
77 0.01514651285950221
78 0.01515019356951444
79 0.01515339459626571
80 0.01515618561123901
81 0.0151586175045017
82 0.01516073708477673
83 0.01516258573845259
84 0.01516420054632025
85 0.01516561044437485
86 0.01516683734086389
87 0.01516790410943257
88 0.01516883301360117
89 0.01516964219017415
90 0.01517034870997118
91 0.01517096745738992
92 0.0151715084603896
93 0.01517198086520622
94 0.01517239323662449
95 0.01517275293392865
96 0.01517306656881619
97 0.01517333913901456
98 0.01517357553777657
99 0.0151737796333118
100 0.01517395521004327
101 0.01517410623847485
