"drag_cd-rfile"
"Iteration" "drag_cd"
("Iteration" "drag_cd")
1 0.2848822686668495
2 0.1705992814574073
3 0.1149888928406795
4 0.09759980755233083
5 0.1034643150212069
6 0.1139622692278498
7 0.1136696935879359
8 0.09711446977905465
9 0.07773775112624064
10 0.06964075367356488
11 0.063062250231327
12 0.04678720441681457
13 0.04688757582924297
14 0.06004406429804299
15 0.08183321864512459
16 0.102102258180712
17 0.1074014558621273
18 0.09484201743662453
19 0.07403204299352964
20 0.0575147738456467
21 0.05467243566925158
22 0.05862824270775475
23 0.07295696828713989
24 0.09121415442378353
25 0.10032513158353
26 0.09868513040773559
27 0.08559026656698919
28 0.06793886754489958
29 0.05050684278934401
30 0.03921462142758785
31 0.03498638588651689
32 0.03875554567641429
33 0.0448225143980573
34 0.0495021003919482
35 0.05246691509592788
36 0.05321279768386991
37 0.05216381916101593
38 0.05040086289428022
39 0.0493846788344356
40 0.04971695272180651
41 0.0512053256782242
42 0.05312776485949168
43 0.05469679908660468
44 0.05583020581122133
45 0.05676215038768406
46 0.05753696155182288
47 0.05812103077980195
48 0.05850519231705852
49 0.05868063700422323
50 0.05871433973724238
51 0.05871587367105227
52 0.0587318363734532
53 0.05875325666001203
54 0.05876919866137147
55 0.05877964161760268
56 0.0587995926096444
57 0.05884726308560927
58 0.05892850288664512
59 0.05903214530576175
60 0.05914483822670803
61 0.05925808971606219
62 0.05936860068529318
63 0.05947554135141717
64 0.0595772957431332
65 0.05967181449654335
66 0.05975626612170067
67 0.05982676579922682
68 0.05988386433117212
69 0.05993015214689602
70 0.05996653138804017
71 0.05999304484969076
72 0.06001086549477767
73 0.06002061097400541
74 0.06002365616661676
75 0.06002128436959588
76 0.06001492367895367
77 0.06000573710971194
78 0.05999476521275031
79 0.05998292455165321
80 0.05997086457892438
81 0.0599590845509028
82 0.05994796044891167
83 0.05993769315593094
84 0.05992833367209408
85 0.05991986615974353
86 0.05991223834137045
87 0.05990538045029512
88 0.05989919583754707
89 0.05989364469951662
90 0.05988866842194456
91 0.0598842063021468
92 0.05988020548356109
93 0.05987661247934963
94 0.05987337639709166
95 0.05987045489955644
96 0.05986780404133155
97 0.05986536276053544
98 0.05986313560881584
99 0.05986104925636645
100 0.0598590763079367
101 0.05985722033104591
102 0.05985549486976526
103 0.05985389248071925
104 0.05985240358216791
105 0.05985100955350665
106 0.05984969941547612
107 0.05984846720490244
108 0.0598473161493679
109 0.05984624674457497
110 0.0598452606640994
111 0.05984435665840599
112 0.05984352993496345
113 0.05984277569598027
114 0.05984208778083346
115 0.05984146182415256
116 0.05984089303171185
117 0.05984037760991372
118 0.05983991074948667
119 0.05983948904054113
120 0.0598391090204697
121 0.05983876591198539
122 0.05983845585866832
123 0.05983817476506171
124 0.05983791977536859
125 0.0598376873189909
126 0.05983747510681924
127 0.05983728358308162
128 0.05983711107055407
129 0.05983695085829878
130 0.05983680100568295
131 0.05983666067830976
132 0.05983652795641753
133 0.05983640468420585
134 0.05983629299819861
135 0.05983619378845206
136 0.05983610720035407
137 0.05983603229811022
138 0.05983596731223596
139 0.05983591036527042
140 0.05983585856634892
141 0.05983581159642397
142 0.05983576983327829
143 0.05983573257399712
144 0.05983569898397342
145 0.05983566830474513
146 0.05983564178060023
147 0.05983561963496051
148 0.059835601051455
149 0.05983558595206322
150 0.05983557416516212
151 0.05983556537663069
152 0.05983555935011222
153 0.05983555583096607
154 0.05983555451039669
155 0.05983555516061578
156 0.0598355575563479
157 0.05983556143942576
158 0.05983556662992588
159 0.05983557298691236
160 0.0598355803725293
161 0.05983558865170935
162 0.05983559769288744
163 0.0598356073652152
164 0.05983561754152778
165 0.05983562799066982
166 0.05983563856748396
167 0.05983564925382043
168 0.05983566011483077
169 0.05983567116175956
170 0.05983568229491657
171 0.0598356934044103
172 0.05983570428031448
173 0.05983571474771893
174 0.05983572471707321
175 0.0598357341521345
176 0.05983574306340169
177 0.05983575148459329
178 0.05983575945062156
179 0.05983576698460394
180 0.05983577409958663
181 0.05983578079711335
182 0.05983578707149696
183 0.05983579291584292
184 0.05983579832538406
185 0.05983580329990454
186 0.05983580784374403
187 0.05983581196574293
188 0.05983581567818889
189 0.05983581899512206
190 0.05983582193270227
191 0.05983582450877942
192 0.05983582673767854
193 0.05983582863685415
194 0.05983583023010075
195 0.0598358315371933
196 0.05983583257687475
197 0.05983583336811343
198 0.05983583393017376
199 0.05983583428294422
200 0.05983583444680077
201 0.05983583444164328
202 0.05983583428687227
203 0.05983583400119525
204 0.05983583360249826
205 0.05983583310783568
206 0.0598358325326276
207 0.0598358318912004
208 0.05983583119810473
209 0.05983583046594937
210 0.05983582970683047
211 0.05983582893207351
212 0.05983582815169169
213 0.05983582737434439
214 0.05983582660726483
215 0.05983582585642055
